../Core/Src/main.c:113:6:Stop	8	static
../Core/Src/main.c:121:6:HAL_TIM_IC_CaptureCallback	16	static
../Core/Src/main.c:274:6:HAL_UART_RxCpltCallback	16	static
../Core/Src/main.c:288:6:Motor_Control	16	static
../Core/Src/main.c:346:5:main	80	static
../Core/Src/main.c:436:6:SystemClock_Config	88	static
../Core/Src/main.c:478:13:MX_TIM1_Init	32	static
../Core/Src/main.c:527:13:MX_TIM2_Init	32	static
../Core/Src/main.c:575:13:MX_USART1_UART_Init	8	static
../Core/Src/main.c:608:13:MX_GPIO_Init	40	static
../Core/Src/main.c:662:6:StartDefaultTask	16	static
../Core/Src/main.c:680:6:UltrasonicBack_Task	16	static
../Core/Src/main.c:775:6:HAL_TIM_PeriodElapsedCallback	16	static
../Core/Src/main.c:792:6:Error_Handler	4	static,ignoring_inline_asm
