Archive member included to satisfy reference by file (symbol)

D:/ST/STM32CubeIDE_1.14.1/STM32CubeIDE/plugins/com.st.stm32cube.ide.mcu.externaltools.gnu-tools-for-stm32.11.3.rel1.win32_1.1.100.202309141235/tools/bin/../lib/gcc/arm-none-eabi/11.3.1/../../../../arm-none-eabi/lib/thumb/v7e-m+fp/hard\libc_nano.a(libc_a-exit.o)
                              D:/ST/STM32CubeIDE_1.14.1/STM32CubeIDE/plugins/com.st.stm32cube.ide.mcu.externaltools.gnu-tools-for-stm32.11.3.rel1.win32_1.1.100.202309141235/tools/bin/../lib/gcc/arm-none-eabi/11.3.1/../../../../arm-none-eabi/lib/thumb/v7e-m+fp/hard/crt0.o (exit)
D:/ST/STM32CubeIDE_1.14.1/STM32CubeIDE/plugins/com.st.stm32cube.ide.mcu.externaltools.gnu-tools-for-stm32.11.3.rel1.win32_1.1.100.202309141235/tools/bin/../lib/gcc/arm-none-eabi/11.3.1/../../../../arm-none-eabi/lib/thumb/v7e-m+fp/hard\libc_nano.a(libc_a-findfp.o)
                              D:/ST/STM32CubeIDE_1.14.1/STM32CubeIDE/plugins/com.st.stm32cube.ide.mcu.externaltools.gnu-tools-for-stm32.11.3.rel1.win32_1.1.100.202309141235/tools/bin/../lib/gcc/arm-none-eabi/11.3.1/../../../../arm-none-eabi/lib/thumb/v7e-m+fp/hard\libc_nano.a(libc_a-exit.o) (__stdio_exit_handler)
D:/ST/STM32CubeIDE_1.14.1/STM32CubeIDE/plugins/com.st.stm32cube.ide.mcu.externaltools.gnu-tools-for-stm32.11.3.rel1.win32_1.1.100.202309141235/tools/bin/../lib/gcc/arm-none-eabi/11.3.1/../../../../arm-none-eabi/lib/thumb/v7e-m+fp/hard\libc_nano.a(libc_a-fwalk.o)
                              D:/ST/STM32CubeIDE_1.14.1/STM32CubeIDE/plugins/com.st.stm32cube.ide.mcu.externaltools.gnu-tools-for-stm32.11.3.rel1.win32_1.1.100.202309141235/tools/bin/../lib/gcc/arm-none-eabi/11.3.1/../../../../arm-none-eabi/lib/thumb/v7e-m+fp/hard\libc_nano.a(libc_a-findfp.o) (_fwalk_sglue)
D:/ST/STM32CubeIDE_1.14.1/STM32CubeIDE/plugins/com.st.stm32cube.ide.mcu.externaltools.gnu-tools-for-stm32.11.3.rel1.win32_1.1.100.202309141235/tools/bin/../lib/gcc/arm-none-eabi/11.3.1/../../../../arm-none-eabi/lib/thumb/v7e-m+fp/hard\libc_nano.a(libc_a-stdio.o)
                              D:/ST/STM32CubeIDE_1.14.1/STM32CubeIDE/plugins/com.st.stm32cube.ide.mcu.externaltools.gnu-tools-for-stm32.11.3.rel1.win32_1.1.100.202309141235/tools/bin/../lib/gcc/arm-none-eabi/11.3.1/../../../../arm-none-eabi/lib/thumb/v7e-m+fp/hard\libc_nano.a(libc_a-findfp.o) (__sread)
D:/ST/STM32CubeIDE_1.14.1/STM32CubeIDE/plugins/com.st.stm32cube.ide.mcu.externaltools.gnu-tools-for-stm32.11.3.rel1.win32_1.1.100.202309141235/tools/bin/../lib/gcc/arm-none-eabi/11.3.1/../../../../arm-none-eabi/lib/thumb/v7e-m+fp/hard\libc_nano.a(libc_a-memset.o)
                              D:/ST/STM32CubeIDE_1.14.1/STM32CubeIDE/plugins/com.st.stm32cube.ide.mcu.externaltools.gnu-tools-for-stm32.11.3.rel1.win32_1.1.100.202309141235/tools/bin/../lib/gcc/arm-none-eabi/11.3.1/../../../../arm-none-eabi/lib/thumb/v7e-m+fp/hard/crt0.o (memset)
D:/ST/STM32CubeIDE_1.14.1/STM32CubeIDE/plugins/com.st.stm32cube.ide.mcu.externaltools.gnu-tools-for-stm32.11.3.rel1.win32_1.1.100.202309141235/tools/bin/../lib/gcc/arm-none-eabi/11.3.1/../../../../arm-none-eabi/lib/thumb/v7e-m+fp/hard\libc_nano.a(libc_a-closer.o)
                              D:/ST/STM32CubeIDE_1.14.1/STM32CubeIDE/plugins/com.st.stm32cube.ide.mcu.externaltools.gnu-tools-for-stm32.11.3.rel1.win32_1.1.100.202309141235/tools/bin/../lib/gcc/arm-none-eabi/11.3.1/../../../../arm-none-eabi/lib/thumb/v7e-m+fp/hard\libc_nano.a(libc_a-stdio.o) (_close_r)
D:/ST/STM32CubeIDE_1.14.1/STM32CubeIDE/plugins/com.st.stm32cube.ide.mcu.externaltools.gnu-tools-for-stm32.11.3.rel1.win32_1.1.100.202309141235/tools/bin/../lib/gcc/arm-none-eabi/11.3.1/../../../../arm-none-eabi/lib/thumb/v7e-m+fp/hard\libc_nano.a(libc_a-reent.o)
                              D:/ST/STM32CubeIDE_1.14.1/STM32CubeIDE/plugins/com.st.stm32cube.ide.mcu.externaltools.gnu-tools-for-stm32.11.3.rel1.win32_1.1.100.202309141235/tools/bin/../lib/gcc/arm-none-eabi/11.3.1/../../../../arm-none-eabi/lib/thumb/v7e-m+fp/hard\libc_nano.a(libc_a-closer.o) (errno)
D:/ST/STM32CubeIDE_1.14.1/STM32CubeIDE/plugins/com.st.stm32cube.ide.mcu.externaltools.gnu-tools-for-stm32.11.3.rel1.win32_1.1.100.202309141235/tools/bin/../lib/gcc/arm-none-eabi/11.3.1/../../../../arm-none-eabi/lib/thumb/v7e-m+fp/hard\libc_nano.a(libc_a-impure.o)
                              D:/ST/STM32CubeIDE_1.14.1/STM32CubeIDE/plugins/com.st.stm32cube.ide.mcu.externaltools.gnu-tools-for-stm32.11.3.rel1.win32_1.1.100.202309141235/tools/bin/../lib/gcc/arm-none-eabi/11.3.1/../../../../arm-none-eabi/lib/thumb/v7e-m+fp/hard\libc_nano.a(libc_a-reent.o) (_impure_ptr)
D:/ST/STM32CubeIDE_1.14.1/STM32CubeIDE/plugins/com.st.stm32cube.ide.mcu.externaltools.gnu-tools-for-stm32.11.3.rel1.win32_1.1.100.202309141235/tools/bin/../lib/gcc/arm-none-eabi/11.3.1/../../../../arm-none-eabi/lib/thumb/v7e-m+fp/hard\libc_nano.a(libc_a-lseekr.o)
[...]
Memory Configuration

Name             Origin             Length             Attributes
RAM              0x0000000020000000 0x0000000000010000 xrw
FLASH            0x0000000008000000 0x0000000000040000 xr
*default*        0x0000000000000000 0xffffffffffffffff

Linker script and memory map

LOAD D:/ST/STM32CubeIDE_1.14.1/STM32CubeIDE/plugins/com.st.stm32cube.ide.mcu.externaltools.gnu-tools-for-stm32.11.3.rel1.win32_1.1.100.202309141235/tools/bin/../lib/gcc/arm-none-eabi/11.3.1/thumb/v7e-m+fp/hard/crti.o
LOAD D:/ST/STM32CubeIDE_1.14.1/STM32CubeIDE/plugins/com.st.stm32cube.ide.mcu.externaltools.gnu-tools-for-stm32.11.3.rel1.win32_1.1.100.202309141235/tools/bin/../lib/gcc/arm-none-eabi/11.3.1/thumb/v7e-m+fp/hard/crtbegin.o
LOAD D:/ST/STM32CubeIDE_1.14.1/STM32CubeIDE/plugins/com.st.stm32cube.ide.mcu.externaltools.gnu-tools-for-stm32.11.3.rel1.win32_1.1.100.202309141235/tools/bin/../lib/gcc/arm-none-eabi/11.3.1/../../../../arm-none-eabi/lib/thumb/v7e-m+fp/hard/crt0.o
LOAD ./Core/Src/LCD.o
LOAD ./Core/Src/Ultrasonic.o
LOAD ./Core/Src/Util.o
LOAD ./Core/Src/freertos.o
LOAD ./Core/Src/main.o
LOAD ./Core/Src/stm32f4xx_hal_msp.o
LOAD ./Core/Src/stm32f4xx_hal_timebase_tim.o
LOAD ./Core/Src/stm32f4xx_it.o
LOAD ./Core/Src/syscalls.o
LOAD ./Core/Src/sysmem.o
LOAD ./Core/Src/system_stm32f4xx.o
LOAD ./Core/Startup/startup_stm32f401ccux.o
LOAD ./Drivers/STM32F4xx_HAL_Driver/Src/stm32f4xx_hal.o
LOAD ./Drivers/STM32F4xx_HAL_Driver/Src/stm32f4xx_hal_cortex.o
LOAD ./Drivers/STM32F4xx_HAL_Driver/Src/stm32f4xx_hal_dma.o
LOAD ./Drivers/STM32F4xx_HAL_Driver/Src/stm32f4xx_hal_dma_ex.o
LOAD ./Drivers/STM32F4xx_HAL_Driver/Src/stm32f4xx_hal_exti.o
LOAD ./Drivers/STM32F4xx_HAL_Driver/Src/stm32f4xx_hal_flash.o
LOAD ./Drivers/STM32F4xx_HAL_Driver/Src/stm32f4xx_hal_flash_ex.o
LOAD ./Drivers/STM32F4xx_HAL_Driver/Src/stm32f4xx_hal_flash_ramfunc.o
LOAD ./Drivers/STM32F4xx_HAL_Driver/Src/stm32f4xx_hal_gpio.o
LOAD ./Drivers/STM32F4xx_HAL_Driver/Src/stm32f4xx_hal_pwr.o
LOAD ./Drivers/STM32F4xx_HAL_Driver/Src/stm32f4xx_hal_pwr_ex.o
LOAD ./Drivers/STM32F4xx_HAL_Driver/Src/stm32f4xx_hal_rcc.o
LOAD ./Drivers/STM32F4xx_HAL_Driver/Src/stm32f4xx_hal_rcc_ex.o
LOAD ./Drivers/STM32F4xx_HAL_Driver/Src/stm32f4xx_hal_tim.o
LOAD ./Drivers/STM32F4xx_HAL_Driver/Src/stm32f4xx_hal_tim_ex.o
LOAD ./Drivers/STM32F4xx_HAL_Driver/Src/stm32f4xx_hal_uart.o
LOAD ./Middlewares/Third_Party/FreeRTOS/Source/CMSIS_RTOS/cmsis_os.o
LOAD ./Middlewares/Third_Party/FreeRTOS/Source/croutine.o
LOAD ./Middlewares/Third_Party/FreeRTOS/Source/event_groups.o
LOAD ./Middlewares/Third_Party/FreeRTOS/Source/list.o
LOAD ./Middlewares/Third_Party/FreeRTOS/Source/queue.o
LOAD ./Middlewares/Third_Party/FreeRTOS/Source/stream_buffer.o
LOAD ./Middlewares/Third_Party/FreeRTOS/Source/tasks.o
LOAD ./Middlewares/Third_Party/FreeRTOS/Source/timers.o
LOAD ./Middlewares/Third_Party/FreeRTOS/Source/portable/GCC/ARM_CM4F/port.o
LOAD ./Middlewares/Third_Party/FreeRTOS/Source/portable/MemMang/heap_4.o
START GROUP
LOAD D:/ST/STM32CubeIDE_1.14.1/STM32CubeIDE/plugins/com.st.stm32cube.ide.mcu.externaltools.gnu-tools-for-stm32.11.3.rel1.win32_1.1.100.202309141235/tools/bin/../lib/gcc/arm-none-eabi/11.3.1/../../../../arm-none-eabi/lib/thumb/v7e-m+fp/hard\libc_nano.a
LOAD D:/ST/STM32CubeIDE_1.14.1/STM32CubeIDE/plugins/com.st.stm32cube.ide.mcu.externaltools.gnu-tools-for-stm32.11.3.rel1.win32_1.1.100.202309141235/tools/bin/../lib/gcc/arm-none-eabi/11.3.1/../../../../arm-none-eabi/lib/thumb/v7e-m+fp/hard\libm.a
END GROUP
START GROUP
LOAD D:/ST/STM32CubeIDE_1.14.1/STM32CubeIDE/plugins/com.st.stm32cube.ide.mcu.externaltools.gnu-tools-for-stm32.11.3.rel1.win32_1.1.100.202309141235/tools/bin/../lib/gcc/arm-none-eabi/11.3.1/thumb/v7e-m+fp/hard\libgcc.a
LOAD D:/ST/STM32CubeIDE_1.14.1/STM32CubeIDE/plugins/com.st.stm32cube.ide.mcu.externaltools.gnu-tools-for-stm32.11.3.rel1.win32_1.1.100.202309141235/tools/bin/../lib/gcc/arm-none-eabi/11.3.1/../../../../arm-none-eabi/lib/thumb/v7e-m+fp/hard\libc_nano.a
END GROUP
START GROUP
LOAD D:/ST/STM32CubeIDE_1.14.1/STM32CubeIDE/plugins/com.st.stm32cube.ide.mcu.externaltools.gnu-tools-for-stm32.11.3.rel1.win32_1.1.100.202309141235/tools/bin/../lib/gcc/arm-none-eabi/11.3.1/thumb/v7e-m+fp/hard\libgcc.a
LOAD D:/ST/STM32CubeIDE_1.14.1/STM32CubeIDE/plugins/com.st.stm32cube.ide.mcu.externaltools.gnu-tools-for-stm32.11.3.rel1.win32_1.1.100.202309141235/tools/bin/../lib/gcc/arm-none-eabi/11.3.1/../../../../arm-none-eabi/lib/thumb/v7e-m+fp/hard\libc_nano.a
LOAD D:/ST/STM32CubeIDE_1.14.1/STM32CubeIDE/plugins/com.st.stm32cube.ide.mcu.externaltools.gnu-tools-for-stm32.11.3.rel1.win32_1.1.100.202309141235/tools/bin/../lib/gcc/arm-none-eabi/11.3.1/../../../../arm-none-eabi/lib/thumb/v7e-m+fp/hard\libnosys.a
END GROUP
START GROUP
LOAD D:/ST/STM32CubeIDE_1.14.1/STM32CubeIDE/plugins/com.st.stm32cube.ide.mcu.externaltools.gnu-tools-for-stm32.11.3.rel1.win32_1.1.100.202309141235/tools/bin/../lib/gcc/arm-none-eabi/11.3.1/thumb/v7e-m+fp/hard\libgcc.a
LOAD D:/ST/STM32CubeIDE_1.14.1/STM32CubeIDE/plugins/com.st.stm32cube.ide.mcu.externaltools.gnu-tools-for-stm32.11.3.rel1.win32_1.1.100.202309141235/tools/bin/../lib/gcc/arm-none-eabi/11.3.1/../../../../arm-none-eabi/lib/thumb/v7e-m+fp/hard\libc_nano.a
LOAD D:/ST/STM32CubeIDE_1.14.1/STM32CubeIDE/plugins/com.st.stm32cube.ide.mcu.externaltools.gnu-tools-for-stm32.11.3.rel1.win32_1.1.100.202309141235/tools/bin/../lib/gcc/arm-none-eabi/11.3.1/../../../../arm-none-eabi/lib/thumb/v7e-m+fp/hard\libnosys.a
END GROUP
LOAD D:/ST/STM32CubeIDE_1.14.1/STM32CubeIDE/plugins/com.st.stm32cube.ide.mcu.externaltools.gnu-tools-for-stm32.11.3.rel1.win32_1.1.100.202309141235/tools/bin/../lib/gcc/arm-none-eabi/11.3.1/thumb/v7e-m+fp/hard/crtend.o
LOAD D:/ST/STM32CubeIDE_1.14.1/STM32CubeIDE/plugins/com.st.stm32cube.ide.mcu.externaltools.gnu-tools-for-stm32.11.3.rel1.win32_1.1.100.202309141235/tools/bin/../lib/gcc/arm-none-eabi/11.3.1/thumb/v7e-m+fp/hard/crtn.o
                0x0000000020010000                _estack = (ORIGIN (RAM) + LENGTH (RAM))
                0x0000000000000200                _Min_Heap_Size = 0x200
                0x0000000000000400                _Min_Stack_Size = 0x400

.isr_vector     0x0000000008000000      0x194
                0x0000000008000000                . = ALIGN (0x4)
 *(.isr_vector)
 .isr_vector    0x0000000008000000      0x194 ./Core/Startup/startup_stm32f401ccux.o
                0x0000000008000000                g_pfnVectors
                0x0000000008000194                . = ALIGN (0x4)

.text           0x00000000080001a0     0x6f78
                0x00000000080001a0                . = ALIGN (0x4)
 *(.text)
 .text          0x00000000080001a0       0x40 D:/ST/STM32CubeIDE_1.14.1/STM32CubeIDE/plugins/com.st.stm32cube.ide.mcu.externaltools.gnu-tools-for-stm32.11.3.rel1.win32_1.1.100.202309141235/tools/bin/../lib/gcc/arm-none-eabi/11.3.1/thumb/v7e-m+fp/hard/crtbegin.o
 .text          0x00000000080001e0      0x378 D:/ST/STM32CubeIDE_1.14.1/STM32CubeIDE/plugins/com.st.stm32cube.ide.mcu.externaltools.gnu-tools-for-stm32.11.3.rel1.win32_1.1.100.202309141235/tools/bin/../lib/gcc/arm-none-eabi/11.3.1/thumb/v7e-m+fp/hard\libgcc.a(_arm_addsubdf3.o)
                0x00000000080001e0                __aeabi_drsub
                0x00000000080001e8                __aeabi_dsub
                0x00000000080001e8                __subdf3
                0x00000000080001ec                __aeabi_dadd
                0x00000000080001ec                __adddf3
                0x0000000008000464                __floatunsidf
                0x0000000008000464                __aeabi_ui2d
                0x0000000008000484                __floatsidf
                0x0000000008000484                __aeabi_i2d
                0x00000000080004a8                __aeabi_f2d
                0x00000000080004a8                __extendsfdf2
                0x00000000080004ec                __floatundidf
                0x00000000080004ec                __aeabi_ul2d
                0x00000000080004fc                __floatdidf
                0x00000000080004fc                __aeabi_l2d
 .text          0x0000000008000558      0x424 D:/ST/STM32CubeIDE_1.14.1/STM32CubeIDE/plugins/com.st.stm32cube.ide.mcu.externaltools.gnu-tools-for-stm32.11.3.rel1.win32_1.1.100.202309141235/tools/bin/../lib/gcc/arm-none-eabi/11.3.1/thumb/v7e-m+fp/hard\libgcc.a(_arm_muldivdf3.o)
                0x0000000008000558                __aeabi_dmul
                0x0000000008000558                __muldf3
                0x00000000080007ac                __divdf3
                0x00000000080007ac                __aeabi_ddiv
 .text          0x000000000800097c       0x40 D:/ST/STM32CubeIDE_1.14.1/STM32CubeIDE/plugins/com.st.stm32cube.ide.mcu.externaltools.gnu-tools-for-stm32.11.3.rel1.win32_1.1.100.202309141235/tools/bin/../lib/gcc/arm-none-eabi/11.3.1/thumb/v7e-m+fp/hard\libgcc.a(_arm_fixunsdfsi.o)
                0x000000000800097c                __aeabi_d2uiz
                0x000000000800097c                __fixunsdfsi
 .text          0x00000000080009bc       0x30 D:/ST/STM32CubeIDE_1.14.1/STM32CubeIDE/plugins/com.st.stm32cube.ide.mcu.externaltools.gnu-tools-for-stm32.11.3.rel1.win32_1.1.100.202309141235/tools/bin/../lib/gcc/arm-none-eabi/11.3.1/thumb/v7e-m+fp/hard\libgcc.a(_aeabi_uldivmod.o)
                0x00000000080009bc                __aeabi_uldivmod
 .text          0x00000000080009ec      0x2c8 D:/ST/STM32CubeIDE_1.14.1/STM32CubeIDE/plugins/com.st.stm32cube.ide.mcu.externaltools.gnu-tools-for-stm32.11.3.rel1.win32_1.1.100.202309141235/tools/bin/../lib/gcc/arm-none-eabi/11.3.1/thumb/v7e-m+fp/hard\libgcc.a(_udivmoddi4.o)
                0x00000000080009ec                __udivmoddi4
 .text          0x0000000008000cb4        0x4 D:/ST/STM32CubeIDE_1.14.1/STM32CubeIDE/plugins/com.st.stm32cube.ide.mcu.externaltools.gnu-tools-for-stm32.11.3.rel1.win32_1.1.100.202309141235/tools/bin/../lib/gcc/arm-none-eabi/11.3.1/thumb/v7e-m+fp/hard\libgcc.a(_dvmd_tls.o)
                0x0000000008000cb4                __aeabi_idiv0
                0x0000000008000cb4                __aeabi_ldiv0
 *(.text*)
 .text.LCD_Init
                0x0000000008000cb8       0x28 ./Core/Src/LCD.o
                0x0000000008000cb8                LCD_Init
 .text.LCD_Send_Command
                0x0000000008000ce0       0x1c ./Core/Src/LCD.o
                0x0000000008000ce0                LCD_Send_Command
 .text.LCD_Send_Data
                0x0000000008000cfc       0x1c ./Core/Src/LCD.o
                0x0000000008000cfc                LCD_Send_Data
 .text.LCD_Send
                0x0000000008000d18       0x3c ./Core/Src/LCD.o
                0x0000000008000d18                LCD_Send
 .text.LCD_Write8Bits
                0x0000000008000d54       0xcc ./Core/Src/LCD.o
                0x0000000008000d54                LCD_Write8Bits
 .text.LCD_Enable
                0x0000000008000e20       0x28 ./Core/Src/LCD.o
                0x0000000008000e20                LCD_Enable
 .text.LCD_Clear
                0x0000000008000e48       0x1c ./Core/Src/LCD.o
                0x0000000008000e48                LCD_Clear
 .text.LCD_Set_Cursor
                0x0000000008000e64       0x4e ./Core/Src/LCD.o
                0x0000000008000e64                LCD_Set_Cursor
 .text.LCD_Write_String
                0x0000000008000eb2       0x30 ./Core/Src/LCD.o
                0x0000000008000eb2                LCD_Write_String
 *fill*         0x0000000008000ee2        0x2 
 .text.LCD_SemaphoreWait
                0x0000000008000ee4       0x1c ./Core/Src/LCD.o
                0x0000000008000ee4                LCD_SemaphoreWait
 .text.LCD_SemaphoreRelease
                0x0000000008000f00       0x18 ./Core/Src/LCD.o
                0x0000000008000f00                LCD_SemaphoreRelease
 .text.HCSR04_Read
                0x0000000008000f18       0x4a ./Core/Src/Ultrasonic.o
                0x0000000008000f18                HCSR04_Read
 *fill*         0x0000000008000f62        0x2 
 .text.vApplicationGetIdleTaskMemory
                0x0000000008000f64       0x34 ./Core/Src/freertos.o
                0x0000000008000f64                vApplicationGetIdleTaskMemory
 .text.Stop     0x0000000008000f98       0x34 ./Core/Src/main.o
                0x0000000008000f98                Stop
 *fill*         0x0000000008000fcc        0x4 
 .text.HAL_TIM_IC_CaptureCallback
                0x0000000008000fd0      0x284 ./Core/Src/main.o
                0x0000000008000fd0                HAL_TIM_IC_CaptureCallback
 .text.HAL_UART_RxCpltCallback
                0x0000000008001254       0x54 ./Core/Src/main.o
                0x0000000008001254                HAL_UART_RxCpltCallback
 .text.Motor_Control
                0x00000000080012a8      0x138 ./Core/Src/main.o
                0x00000000080012a8                Motor_Control
 .text.main     0x00000000080013e0       0xc8 ./Core/Src/main.o
                0x00000000080013e0                main
 .text.SystemClock_Config
                0x00000000080014a8       0xc0 ./Core/Src/main.o
                0x00000000080014a8                SystemClock_Config
 .text.MX_TIM1_Init
                0x0000000008001568       0xac ./Core/Src/main.o
 .text.MX_TIM2_Init
                0x0000000008001614       0xa4 ./Core/Src/main.o
 .text.MX_USART1_UART_Init
                0x00000000080016b8       0x54 ./Core/Src/main.o
 .text.MX_GPIO_Init
                0x000000000800170c       0xb4 ./Core/Src/main.o
 .text.StartDefaultTask
                0x00000000080017c0        0xa ./Core/Src/main.o
                0x00000000080017c0                StartDefaultTask
 *fill*         0x00000000080017ca        0x2 
 .text.UltrasonicBack_Task
                0x00000000080017cc      0x160 ./Core/Src/main.o
                0x00000000080017cc                UltrasonicBack_Task
 .text.HAL_TIM_PeriodElapsedCallback
                0x000000000800192c       0x24 ./Core/Src/main.o
                0x000000000800192c                HAL_TIM_PeriodElapsedCallback
 .text.Error_Handler
                0x0000000008001950        0xa ./Core/Src/main.o
                0x0000000008001950                Error_Handler
 *fill*         0x000000000800195a        0x2 
 .text.HAL_MspInit
                0x000000000800195c       0x58 ./Core/Src/stm32f4xx_hal_msp.o
                0x000000000800195c                HAL_MspInit
 .text.HAL_TIM_IC_MspInit
                0x00000000080019b4      0x118 ./Core/Src/stm32f4xx_hal_msp.o
                0x00000000080019b4                HAL_TIM_IC_MspInit
 .text.HAL_UART_MspInit
                0x0000000008001acc       0xa0 ./Core/Src/stm32f4xx_hal_msp.o
                0x0000000008001acc                HAL_UART_MspInit
 .text.HAL_InitTick
                0x0000000008001b6c       0xf8 ./Core/Src/stm32f4xx_hal_timebase_tim.o
                0x0000000008001b6c                HAL_InitTick
 .text.NMI_Handler
                0x0000000008001c64        0x6 ./Core/Src/stm32f4xx_it.o
                0x0000000008001c64                NMI_Handler
 .text.HardFault_Handler
                0x0000000008001c6a        0x6 ./Core/Src/stm32f4xx_it.o
                0x0000000008001c6a                HardFault_Handler
 .text.MemManage_Handler
                0x0000000008001c70        0x6 ./Core/Src/stm32f4xx_it.o
                0x0000000008001c70                MemManage_Handler
 .text.BusFault_Handler
                0x0000000008001c76        0x6 ./Core/Src/stm32f4xx_it.o
                0x0000000008001c76                BusFault_Handler
 .text.UsageFault_Handler
                0x0000000008001c7c        0x6 ./Core/Src/stm32f4xx_it.o
                0x0000000008001c7c                UsageFault_Handler
 .text.DebugMon_Handler
                0x0000000008001c82        0xe ./Core/Src/stm32f4xx_it.o
                0x0000000008001c82                DebugMon_Handler
 .text.TIM1_CC_IRQHandler
                0x0000000008001c90       0x14 ./Core/Src/stm32f4xx_it.o
                0x0000000008001c90                TIM1_CC_IRQHandler
 .text.TIM2_IRQHandler
                0x0000000008001ca4       0x14 ./Core/Src/stm32f4xx_it.o
                0x0000000008001ca4                TIM2_IRQHandler
 .text.TIM3_IRQHandler
                0x0000000008001cb8       0x14 ./Core/Src/stm32f4xx_it.o
                0x0000000008001cb8                TIM3_IRQHandler
 .text.USART1_IRQHandler
                0x0000000008001ccc       0x14 ./Core/Src/stm32f4xx_it.o
                0x0000000008001ccc                USART1_IRQHandler
 .text.SystemInit
                0x0000000008001ce0       0x24 ./Core/Src/system_stm32f4xx.o
                0x0000000008001ce0                SystemInit
 .text.Reset_Handler
                0x0000000008001d04       0x50 ./Core/Startup/startup_stm32f401ccux.o
                0x0000000008001d04                Reset_Handler
 .text.Default_Handler
                0x0000000008001d54        0x2 ./Core/Startup/startup_stm32f401ccux.o
                0x0000000008001d54                RTC_Alarm_IRQHandler
                0x0000000008001d54                EXTI2_IRQHandler
                0x0000000008001d54                SPI4_IRQHandler
                0x0000000008001d54                DMA2_Stream5_IRQHandler
                0x0000000008001d54                DMA1_Stream5_IRQHandler
                0x0000000008001d54                PVD_IRQHandler
                0x0000000008001d54                SDIO_IRQHandler
                0x0000000008001d54                TAMP_STAMP_IRQHandler
                0x0000000008001d54                EXTI3_IRQHandler
                0x0000000008001d54                TIM1_UP_TIM10_IRQHandler
                0x0000000008001d54                I2C3_ER_IRQHandler
                0x0000000008001d54                EXTI0_IRQHandler
                0x0000000008001d54                I2C2_EV_IRQHandler
                0x0000000008001d54                DMA1_Stream2_IRQHandler
                0x0000000008001d54                FPU_IRQHandler
                0x0000000008001d54                DMA2_Stream2_IRQHandler
                0x0000000008001d54                SPI1_IRQHandler
                0x0000000008001d54                TIM1_BRK_TIM9_IRQHandler
                0x0000000008001d54                DMA2_Stream3_IRQHandler
                0x0000000008001d54                USART6_IRQHandler
                0x0000000008001d54                DMA2_Stream0_IRQHandler
                0x0000000008001d54                TIM4_IRQHandler
                0x0000000008001d54                I2C1_EV_IRQHandler
                0x0000000008001d54                DMA1_Stream6_IRQHandler
                0x0000000008001d54                DMA1_Stream1_IRQHandler
                0x0000000008001d54                RCC_IRQHandler
                0x0000000008001d54                Default_Handler
                0x0000000008001d54                EXTI15_10_IRQHandler
                0x0000000008001d54                ADC_IRQHandler
                0x0000000008001d54                DMA1_Stream7_IRQHandler
                0x0000000008001d54                TIM5_IRQHandler
                0x0000000008001d54                DMA2_Stream7_IRQHandler
                0x0000000008001d54                I2C3_EV_IRQHandler
                0x0000000008001d54                EXTI9_5_IRQHandler
                0x0000000008001d54                RTC_WKUP_IRQHandler
                0x0000000008001d54                SPI2_IRQHandler
                0x0000000008001d54                DMA1_Stream0_IRQHandler
                0x0000000008001d54                EXTI4_IRQHandler
                0x0000000008001d54                WWDG_IRQHandler
                0x0000000008001d54                OTG_FS_WKUP_IRQHandler
                0x0000000008001d54                TIM1_TRG_COM_TIM11_IRQHandler
                0x0000000008001d54                EXTI1_IRQHandler
                0x0000000008001d54                USART2_IRQHandler
                0x0000000008001d54                I2C2_ER_IRQHandler
                0x0000000008001d54                DMA2_Stream1_IRQHandler
                0x0000000008001d54                FLASH_IRQHandler
                0x0000000008001d54                DMA2_Stream4_IRQHandler
                0x0000000008001d54                OTG_FS_IRQHandler
                0x0000000008001d54                SPI3_IRQHandler
                0x0000000008001d54                DMA1_Stream4_IRQHandler
                0x0000000008001d54                I2C1_ER_IRQHandler
                0x0000000008001d54                DMA2_Stream6_IRQHandler
                0x0000000008001d54                DMA1_Stream3_IRQHandler
 *fill*         0x0000000008001d56        0x2 
 .text.HAL_Init
                0x0000000008001d58       0x44 ./Drivers/STM32F4xx_HAL_Driver/Src/stm32f4xx_hal.o
                0x0000000008001d58                HAL_Init
 .text.HAL_IncTick
                0x0000000008001d9c       0x28 ./Drivers/STM32F4xx_HAL_Driver/Src/stm32f4xx_hal.o
                0x0000000008001d9c                HAL_IncTick
 .text.HAL_GetTick
                0x0000000008001dc4       0x18 ./Drivers/STM32F4xx_HAL_Driver/Src/stm32f4xx_hal.o
                0x0000000008001dc4                HAL_GetTick
 .text.__NVIC_SetPriorityGrouping
                0x0000000008001ddc       0x48 ./Drivers/STM32F4xx_HAL_Driver/Src/stm32f4xx_hal_cortex.o
 .text.__NVIC_GetPriorityGrouping
                0x0000000008001e24       0x1c ./Drivers/STM32F4xx_HAL_Driver/Src/stm32f4xx_hal_cortex.o
 .text.__NVIC_EnableIRQ
                0x0000000008001e40       0x3c ./Drivers/STM32F4xx_HAL_Driver/Src/stm32f4xx_hal_cortex.o
 .text.__NVIC_SetPriority
                0x0000000008001e7c       0x54 ./Drivers/STM32F4xx_HAL_Driver/Src/stm32f4xx_hal_cortex.o
 .text.NVIC_EncodePriority
                0x0000000008001ed0       0x66 ./Drivers/STM32F4xx_HAL_Driver/Src/stm32f4xx_hal_cortex.o
 .text.HAL_NVIC_SetPriorityGrouping
                0x0000000008001f36       0x16 ./Drivers/STM32F4xx_HAL_Driver/Src/stm32f4xx_hal_cortex.o
                0x0000000008001f36                HAL_NVIC_SetPriorityGrouping
 .text.HAL_NVIC_SetPriority
                0x0000000008001f4c       0x38 ./Drivers/STM32F4xx_HAL_Driver/Src/stm32f4xx_hal_cortex.o
                0x0000000008001f4c                HAL_NVIC_SetPriority
 .text.HAL_NVIC_EnableIRQ
                0x0000000008001f84       0x1c ./Drivers/STM32F4xx_HAL_Driver/Src/stm32f4xx_hal_cortex.o
                0x0000000008001f84                HAL_NVIC_EnableIRQ
 .text.HAL_DMA_Abort
                0x0000000008001fa0       0xe0 ./Drivers/STM32F4xx_HAL_Driver/Src/stm32f4xx_hal_dma.o
                0x0000000008001fa0                HAL_DMA_Abort
 .text.HAL_DMA_Abort_IT
                0x0000000008002080       0x44 ./Drivers/STM32F4xx_HAL_Driver/Src/stm32f4xx_hal_dma.o
                0x0000000008002080                HAL_DMA_Abort_IT
 .text.HAL_GPIO_Init
                0x00000000080020c4      0x308 ./Drivers/STM32F4xx_HAL_Driver/Src/stm32f4xx_hal_gpio.o
                0x00000000080020c4                HAL_GPIO_Init
 .text.HAL_GPIO_WritePin
                0x00000000080023cc       0x32 ./Drivers/STM32F4xx_HAL_Driver/Src/stm32f4xx_hal_gpio.o
                0x00000000080023cc                HAL_GPIO_WritePin
 .text.HAL_GPIO_TogglePin
                0x00000000080023fe       0x34 ./Drivers/STM32F4xx_HAL_Driver/Src/stm32f4xx_hal_gpio.o
                0x00000000080023fe                HAL_GPIO_TogglePin
 *fill*         0x0000000008002432        0x2 
 .text.HAL_RCC_OscConfig
                0x0000000008002434      0x4f0 ./Drivers/STM32F4xx_HAL_Driver/Src/stm32f4xx_hal_rcc.o
                0x0000000008002434                HAL_RCC_OscConfig
 .text.HAL_RCC_ClockConfig
                0x0000000008002924      0x1cc ./Drivers/STM32F4xx_HAL_Driver/Src/stm32f4xx_hal_rcc.o
                0x0000000008002924                HAL_RCC_ClockConfig
 .text.HAL_RCC_GetSysClockFreq
                0x0000000008002af0      0x18c ./Drivers/STM32F4xx_HAL_Driver/Src/stm32f4xx_hal_rcc.o
                0x0000000008002af0                HAL_RCC_GetSysClockFreq
 .text.HAL_RCC_GetHCLKFreq
                0x0000000008002c7c       0x18 ./Drivers/STM32F4xx_HAL_Driver/Src/stm32f4xx_hal_rcc.o
                0x0000000008002c7c                HAL_RCC_GetHCLKFreq
 .text.HAL_RCC_GetPCLK1Freq
                0x0000000008002c94       0x28 ./Drivers/STM32F4xx_HAL_Driver/Src/stm32f4xx_hal_rcc.o
                0x0000000008002c94                HAL_RCC_GetPCLK1Freq
 .text.HAL_RCC_GetPCLK2Freq
                0x0000000008002cbc       0x28 ./Drivers/STM32F4xx_HAL_Driver/Src/stm32f4xx_hal_rcc.o
                0x0000000008002cbc                HAL_RCC_GetPCLK2Freq
 .text.HAL_RCC_GetClockConfig
                0x0000000008002ce4       0x64 ./Drivers/STM32F4xx_HAL_Driver/Src/stm32f4xx_hal_rcc.o
                0x0000000008002ce4                HAL_RCC_GetClockConfig
 .text.HAL_TIM_Base_Init
                0x0000000008002d48       0x9e ./Drivers/STM32F4xx_HAL_Driver/Src/stm32f4xx_hal_tim.o
                0x0000000008002d48                HAL_TIM_Base_Init
 .text.HAL_TIM_Base_MspInit
                0x0000000008002de6       0x14 ./Drivers/STM32F4xx_HAL_Driver/Src/stm32f4xx_hal_tim.o
                0x0000000008002de6                HAL_TIM_Base_MspInit
 *fill*         0x0000000008002dfa        0x2 
 .text.HAL_TIM_Base_Start_IT
                0x0000000008002dfc       0xc4 ./Drivers/STM32F4xx_HAL_Driver/Src/stm32f4xx_hal_tim.o
                0x0000000008002dfc                HAL_TIM_Base_Start_IT
 .text.HAL_TIM_IC_Init
                0x0000000008002ec0       0x9e ./Drivers/STM32F4xx_HAL_Driver/Src/stm32f4xx_hal_tim.o
                0x0000000008002ec0                HAL_TIM_IC_Init
 *fill*         0x0000000008002f5e        0x2 
 .text.HAL_TIM_IC_Start_IT
                0x0000000008002f60      0x234 ./Drivers/STM32F4xx_HAL_Driver/Src/stm32f4xx_hal_tim.o
                0x0000000008002f60                HAL_TIM_IC_Start_IT
 .text.HAL_TIM_IRQHandler
                0x0000000008003194      0x1e0 ./Drivers/STM32F4xx_HAL_Driver/Src/stm32f4xx_hal_tim.o
                0x0000000008003194                HAL_TIM_IRQHandler
 .text.HAL_TIM_IC_ConfigChannel
                0x0000000008003374      0x138 ./Drivers/STM32F4xx_HAL_Driver/Src/stm32f4xx_hal_tim.o
                0x0000000008003374                HAL_TIM_IC_ConfigChannel
 .text.HAL_TIM_ReadCapturedValue
                0x00000000080034ac       0x88 ./Drivers/STM32F4xx_HAL_Driver/Src/stm32f4xx_hal_tim.o
                0x00000000080034ac                HAL_TIM_ReadCapturedValue
 .text.HAL_TIM_OC_DelayElapsedCallback
                0x0000000008003534       0x14 ./Drivers/STM32F4xx_HAL_Driver/Src/stm32f4xx_hal_tim.o
                0x0000000008003534                HAL_TIM_OC_DelayElapsedCallback
 .text.HAL_TIM_PWM_PulseFinishedCallback
                0x0000000008003548       0x14 ./Drivers/STM32F4xx_HAL_Driver/Src/stm32f4xx_hal_tim.o
                0x0000000008003548                HAL_TIM_PWM_PulseFinishedCallback
 .text.HAL_TIM_TriggerCallback
                0x000000000800355c       0x14 ./Drivers/STM32F4xx_HAL_Driver/Src/stm32f4xx_hal_tim.o
                0x000000000800355c                HAL_TIM_TriggerCallback
 .text.TIM_Base_SetConfig
                0x0000000008003570      0x118 ./Drivers/STM32F4xx_HAL_Driver/Src/stm32f4xx_hal_tim.o
                0x0000000008003570                TIM_Base_SetConfig
 .text.TIM_TI1_SetConfig
                0x0000000008003688       0xd0 ./Drivers/STM32F4xx_HAL_Driver/Src/stm32f4xx_hal_tim.o
                0x0000000008003688                TIM_TI1_SetConfig
 .text.TIM_TI2_SetConfig
                0x0000000008003758       0x7a ./Drivers/STM32F4xx_HAL_Driver/Src/stm32f4xx_hal_tim.o
 .text.TIM_TI3_SetConfig
                0x00000000080037d2       0x78 ./Drivers/STM32F4xx_HAL_Driver/Src/stm32f4xx_hal_tim.o
 .text.TIM_TI4_SetConfig
                0x000000000800384a       0x7a ./Drivers/STM32F4xx_HAL_Driver/Src/stm32f4xx_hal_tim.o
 .text.TIM_CCxChannelCmd
                0x00000000080038c4       0x4a ./Drivers/STM32F4xx_HAL_Driver/Src/stm32f4xx_hal_tim.o
                0x00000000080038c4                TIM_CCxChannelCmd
 *fill*         0x000000000800390e        0x2 
 .text.HAL_TIMEx_MasterConfigSynchronization
                0x0000000008003910       0xdc ./Drivers/STM32F4xx_HAL_Driver/Src/stm32f4xx_hal_tim_ex.o
                0x0000000008003910                HAL_TIMEx_MasterConfigSynchronization
 .text.HAL_TIMEx_CommutCallback
                0x00000000080039ec       0x14 ./Drivers/STM32F4xx_HAL_Driver/Src/stm32f4xx_hal_tim_ex.o
                0x00000000080039ec                HAL_TIMEx_CommutCallback
 .text.HAL_TIMEx_BreakCallback
                0x0000000008003a00       0x14 ./Drivers/STM32F4xx_HAL_Driver/Src/stm32f4xx_hal_tim_ex.o
                0x0000000008003a00                HAL_TIMEx_BreakCallback
 .text.HAL_UART_Init
                0x0000000008003a14       0xa0 ./Drivers/STM32F4xx_HAL_Driver/Src/stm32f4xx_hal_uart.o
                0x0000000008003a14                HAL_UART_Init
 .text.HAL_UART_Receive_IT
                0x0000000008003ab4       0x4a ./Drivers/STM32F4xx_HAL_Driver/Src/stm32f4xx_hal_uart.o
                0x0000000008003ab4                HAL_UART_Receive_IT
 *fill*         0x0000000008003afe        0x2 
 .text.HAL_UART_IRQHandler
                0x0000000008003b00      0x524 ./Drivers/STM32F4xx_HAL_Driver/Src/stm32f4xx_hal_uart.o
                0x0000000008003b00                HAL_UART_IRQHandler
 .text.HAL_UART_TxCpltCallback
                0x0000000008004024       0x14 ./Drivers/STM32F4xx_HAL_Driver/Src/stm32f4xx_hal_uart.o
                0x0000000008004024                HAL_UART_TxCpltCallback
 .text.HAL_UART_ErrorCallback
                0x0000000008004038       0x14 ./Drivers/STM32F4xx_HAL_Driver/Src/stm32f4xx_hal_uart.o
                0x0000000008004038                HAL_UART_ErrorCallback
 .text.HAL_UARTEx_RxEventCallback
                0x000000000800404c       0x18 ./Drivers/STM32F4xx_HAL_Driver/Src/stm32f4xx_hal_uart.o
                0x000000000800404c                HAL_UARTEx_RxEventCallback
 .text.UART_Start_Receive_IT
                0x0000000008004064       0x74 ./Drivers/STM32F4xx_HAL_Driver/Src/stm32f4xx_hal_uart.o
                0x0000000008004064                UART_Start_Receive_IT
 .text.UART_EndRxTransfer
                0x00000000080040d8       0xc6 ./Drivers/STM32F4xx_HAL_Driver/Src/stm32f4xx_hal_uart.o
 .text.UART_DMAAbortOnError
                0x000000000800419e       0x28 ./Drivers/STM32F4xx_HAL_Driver/Src/stm32f4xx_hal_uart.o
 .text.UART_Transmit_IT
                0x00000000080041c6       0xa0 ./Drivers/STM32F4xx_HAL_Driver/Src/stm32f4xx_hal_uart.o
 .text.UART_EndTransmit_IT
                0x0000000008004266       0x30 ./Drivers/STM32F4xx_HAL_Driver/Src/stm32f4xx_hal_uart.o
 .text.UART_Receive_IT
                0x0000000008004296      0x17c ./Drivers/STM32F4xx_HAL_Driver/Src/stm32f4xx_hal_uart.o
 *fill*         0x0000000008004412        0x2 
 .text.UART_SetConfig
                0x0000000008004414      0x4e8 ./Drivers/STM32F4xx_HAL_Driver/Src/stm32f4xx_hal_uart.o
 .text.makeFreeRtosPriority
                0x00000000080048fc       0x30 ./Middlewares/Third_Party/FreeRTOS/Source/CMSIS_RTOS/cmsis_os.o
 .text.inHandlerMode
                0x000000000800492c       0x24 ./Middlewares/Third_Party/FreeRTOS/Source/CMSIS_RTOS/cmsis_os.o
 .text.osKernelStart
                0x0000000008004950        0xe ./Middlewares/Third_Party/FreeRTOS/Source/CMSIS_RTOS/cmsis_os.o
                0x0000000008004950                osKernelStart
 .text.osThreadCreate
                0x000000000800495e       0x98 ./Middlewares/Third_Party/FreeRTOS/Source/CMSIS_RTOS/cmsis_os.o
                0x000000000800495e                osThreadCreate
 .text.osDelay  0x00000000080049f6       0x28 ./Middlewares/Third_Party/FreeRTOS/Source/CMSIS_RTOS/cmsis_os.o
                0x00000000080049f6                osDelay
 .text.osMutexCreate
                0x0000000008004a1e       0x30 ./Middlewares/Third_Party/FreeRTOS/Source/CMSIS_RTOS/cmsis_os.o
                0x0000000008004a1e                osMutexCreate
 *fill*         0x0000000008004a4e        0x2 
 .text.osMutexWait
                0x0000000008004a50       0x9c ./Middlewares/Third_Party/FreeRTOS/Source/CMSIS_RTOS/cmsis_os.o
                0x0000000008004a50                osMutexWait
 .text.osMutexRelease
                0x0000000008004aec       0x6c ./Middlewares/Third_Party/FreeRTOS/Source/CMSIS_RTOS/cmsis_os.o
                0x0000000008004aec                osMutexRelease
 .text.vListInitialise
                0x0000000008004b58       0x40 ./Middlewares/Third_Party/FreeRTOS/Source/list.o
                0x0000000008004b58                vListInitialise
 .text.vListInitialiseItem
                0x0000000008004b98       0x1a ./Middlewares/Third_Party/FreeRTOS/Source/list.o
                0x0000000008004b98                vListInitialiseItem
 .text.vListInsertEnd
                0x0000000008004bb2       0x48 ./Middlewares/Third_Party/FreeRTOS/Source/list.o
                0x0000000008004bb2                vListInsertEnd
 .text.vListInsert
                0x0000000008004bfa       0x72 ./Middlewares/Third_Party/FreeRTOS/Source/list.o
                0x0000000008004bfa                vListInsert
 .text.uxListRemove
                0x0000000008004c6c       0x54 ./Middlewares/Third_Party/FreeRTOS/Source/list.o
                0x0000000008004c6c                uxListRemove
 .text.xQueueGenericReset
                0x0000000008004cc0       0xd0 ./Middlewares/Third_Party/FreeRTOS/Source/queue.o
                0x0000000008004cc0                xQueueGenericReset
 .text.xQueueGenericCreateStatic
                0x0000000008004d90       0xf0 ./Middlewares/Third_Party/FreeRTOS/Source/queue.o
                0x0000000008004d90                xQueueGenericCreateStatic
 .text.xQueueGenericCreate
                0x0000000008004e80       0x74 ./Middlewares/Third_Party/FreeRTOS/Source/queue.o
                0x0000000008004e80                xQueueGenericCreate
 .text.prvInitialiseNewQueue
                0x0000000008004ef4       0x3e ./Middlewares/Third_Party/FreeRTOS/Source/queue.o
 .text.prvInitialiseMutex
                0x0000000008004f32       0x34 ./Middlewares/Third_Party/FreeRTOS/Source/queue.o
 .text.xQueueCreateMutex
                0x0000000008004f66       0x30 ./Middlewares/Third_Party/FreeRTOS/Source/queue.o
                0x0000000008004f66                xQueueCreateMutex
 .text.xQueueCreateMutexStatic
                0x0000000008004f96       0x36 ./Middlewares/Third_Party/FreeRTOS/Source/queue.o
                0x0000000008004f96                xQueueCreateMutexStatic
 .text.xQueueGenericSend
                0x0000000008004fcc      0x1fc ./Middlewares/Third_Party/FreeRTOS/Source/queue.o
                0x0000000008004fcc                xQueueGenericSend
 .text.xQueueGiveFromISR
                0x00000000080051c8      0x11a ./Middlewares/Third_Party/FreeRTOS/Source/queue.o
                0x00000000080051c8                xQueueGiveFromISR
 *fill*         0x00000000080052e2        0x2 
 .text.xQueueSemaphoreTake
                0x00000000080052e4      0x218 ./Middlewares/Third_Party/FreeRTOS/Source/queue.o
                0x00000000080052e4                xQueueSemaphoreTake
 .text.xQueueReceiveFromISR
                0x00000000080054fc      0x100 ./Middlewares/Third_Party/FreeRTOS/Source/queue.o
                0x00000000080054fc                xQueueReceiveFromISR
 .text.prvGetDisinheritPriorityAfterTimeout
                0x00000000080055fc       0x30 ./Middlewares/Third_Party/FreeRTOS/Source/queue.o
 .text.prvCopyDataToQueue
                0x000000000800562c       0xd4 ./Middlewares/Third_Party/FreeRTOS/Source/queue.o
 .text.prvCopyDataFromQueue
                0x0000000008005700       0x4c ./Middlewares/Third_Party/FreeRTOS/Source/queue.o
 .text.prvUnlockQueue
                0x000000000800574c       0xa4 ./Middlewares/Third_Party/FreeRTOS/Source/queue.o
 .text.prvIsQueueEmpty
                0x00000000080057f0       0x2c ./Middlewares/Third_Party/FreeRTOS/Source/queue.o
 .text.prvIsQueueFull
                0x000000000800581c       0x30 ./Middlewares/Third_Party/FreeRTOS/Source/queue.o
 .text.xTaskCreateStatic
                0x000000000800584c       0xba ./Middlewares/Third_Party/FreeRTOS/Source/tasks.o
                0x000000000800584c                xTaskCreateStatic
 .text.xTaskCreate
                0x0000000008005906       0x8a ./Middlewares/Third_Party/FreeRTOS/Source/tasks.o
                0x0000000008005906                xTaskCreate
 .text.prvInitialiseNewTask
                0x0000000008005990      0x10e ./Middlewares/Third_Party/FreeRTOS/Source/tasks.o
 *fill*         0x0000000008005a9e        0x2 
 .text.prvAddNewTaskToReadyList
                0x0000000008005aa0       0xd4 ./Middlewares/Third_Party/FreeRTOS/Source/tasks.o
 .text.vTaskDelay
                0x0000000008005b74       0x68 ./Middlewares/Third_Party/FreeRTOS/Source/tasks.o
                0x0000000008005b74                vTaskDelay
 .text.vTaskStartScheduler
                0x0000000008005bdc       0xc0 ./Middlewares/Third_Party/FreeRTOS/Source/tasks.o
                0x0000000008005bdc                vTaskStartScheduler
 .text.vTaskSuspendAll
                0x0000000008005c9c       0x1c ./Middlewares/Third_Party/FreeRTOS/Source/tasks.o
                0x0000000008005c9c                vTaskSuspendAll
 .text.xTaskResumeAll
                0x0000000008005cb8      0x138 ./Middlewares/Third_Party/FreeRTOS/Source/tasks.o
                0x0000000008005cb8                xTaskResumeAll
 .text.xTaskIncrementTick
                0x0000000008005df0      0x170 ./Middlewares/Third_Party/FreeRTOS/Source/tasks.o
                0x0000000008005df0                xTaskIncrementTick
 .text.vTaskSwitchContext
                0x0000000008005f60       0xb8 ./Middlewares/Third_Party/FreeRTOS/Source/tasks.o
                0x0000000008005f60                vTaskSwitchContext
 .text.vTaskPlaceOnEventList
                0x0000000008006018       0x48 ./Middlewares/Third_Party/FreeRTOS/Source/tasks.o
                0x0000000008006018                vTaskPlaceOnEventList
 .text.xTaskRemoveFromEventList
                0x0000000008006060       0xc4 ./Middlewares/Third_Party/FreeRTOS/Source/tasks.o
                0x0000000008006060                xTaskRemoveFromEventList
 .text.vTaskInternalSetTimeOutState
                0x0000000008006124       0x2c ./Middlewares/Third_Party/FreeRTOS/Source/tasks.o
                0x0000000008006124                vTaskInternalSetTimeOutState
 .text.xTaskCheckForTimeOut
                0x0000000008006150       0xc4 ./Middlewares/Third_Party/FreeRTOS/Source/tasks.o
                0x0000000008006150                xTaskCheckForTimeOut
 .text.vTaskMissedYield
                0x0000000008006214       0x18 ./Middlewares/Third_Party/FreeRTOS/Source/tasks.o
                0x0000000008006214                vTaskMissedYield
 .text.prvIdleTask
                0x000000000800622c       0x30 ./Middlewares/Third_Party/FreeRTOS/Source/tasks.o
 .text.prvInitialiseTaskLists
                0x000000000800625c       0x80 ./Middlewares/Third_Party/FreeRTOS/Source/tasks.o
 .text.prvCheckTasksWaitingTermination
                0x00000000080062dc       0x5c ./Middlewares/Third_Party/FreeRTOS/Source/tasks.o
 .text.prvDeleteTCB
                0x0000000008006338       0x5e ./Middlewares/Third_Party/FreeRTOS/Source/tasks.o
 *fill*         0x0000000008006396        0x2 
 .text.prvResetNextTaskUnblockTime
                0x0000000008006398       0x40 ./Middlewares/Third_Party/FreeRTOS/Source/tasks.o
 .text.xTaskGetSchedulerState
                0x00000000080063d8       0x3c ./Middlewares/Third_Party/FreeRTOS/Source/tasks.o
                0x00000000080063d8                xTaskGetSchedulerState
 .text.xTaskPriorityInherit
                0x0000000008006414       0xec ./Middlewares/Third_Party/FreeRTOS/Source/tasks.o
                0x0000000008006414                xTaskPriorityInherit
 .text.xTaskPriorityDisinherit
                0x0000000008006500      0x10c ./Middlewares/Third_Party/FreeRTOS/Source/tasks.o
                0x0000000008006500                xTaskPriorityDisinherit
 .text.vTaskPriorityDisinheritAfterTimeout
                0x000000000800660c      0x11c ./Middlewares/Third_Party/FreeRTOS/Source/tasks.o
                0x000000000800660c                vTaskPriorityDisinheritAfterTimeout
 .text.pvTaskIncrementMutexHeldCount
                0x0000000008006728       0x28 ./Middlewares/Third_Party/FreeRTOS/Source/tasks.o
                0x0000000008006728                pvTaskIncrementMutexHeldCount
 .text.prvAddCurrentTaskToDelayedList
                0x0000000008006750       0xcc ./Middlewares/Third_Party/FreeRTOS/Source/tasks.o
 .text.pxPortInitialiseStack
                0x000000000800681c       0x68 ./Middlewares/Third_Party/FreeRTOS/Source/portable/GCC/ARM_CM4F/port.o
                0x000000000800681c                pxPortInitialiseStack
 .text.prvTaskExitError
                0x0000000008006884       0x58 ./Middlewares/Third_Party/FreeRTOS/Source/portable/GCC/ARM_CM4F/port.o
 *fill*         0x00000000080068dc        0x4 
 .text.SVC_Handler
                0x00000000080068e0       0x28 ./Middlewares/Third_Party/FreeRTOS/Source/portable/GCC/ARM_CM4F/port.o
                0x00000000080068e0                SVC_Handler
 .text.prvPortStartFirstTask
                0x0000000008006908       0x28 ./Middlewares/Third_Party/FreeRTOS/Source/portable/GCC/ARM_CM4F/port.o
 .text.xPortStartScheduler
                0x0000000008006930      0x144 ./Middlewares/Third_Party/FreeRTOS/Source/portable/GCC/ARM_CM4F/port.o
                0x0000000008006930                xPortStartScheduler
 .text.vPortEnterCritical
                0x0000000008006a74       0x60 ./Middlewares/Third_Party/FreeRTOS/Source/portable/GCC/ARM_CM4F/port.o
                0x0000000008006a74                vPortEnterCritical
 .text.vPortExitCritical
                0x0000000008006ad4       0x54 ./Middlewares/Third_Party/FreeRTOS/Source/portable/GCC/ARM_CM4F/port.o
                0x0000000008006ad4                vPortExitCritical
 *fill*         0x0000000008006b28        0x8 
 .text.PendSV_Handler
                0x0000000008006b30       0x68 ./Middlewares/Third_Party/FreeRTOS/Source/portable/GCC/ARM_CM4F/port.o
                0x0000000008006b30                PendSV_Handler
 .text.SysTick_Handler
                0x0000000008006b98       0x44 ./Middlewares/Third_Party/FreeRTOS/Source/portable/GCC/ARM_CM4F/port.o
                0x0000000008006b98                SysTick_Handler
 .text.vPortSetupTimerInterrupt
                0x0000000008006bdc       0x48 ./Middlewares/Third_Party/FreeRTOS/Source/portable/GCC/ARM_CM4F/port.o
                0x0000000008006bdc                vPortSetupTimerInterrupt
 .text.vPortEnableVFP
                0x0000000008006c24       0x14 ./Middlewares/Third_Party/FreeRTOS/Source/portable/GCC/ARM_CM4F/port.o
 .text.vPortValidateInterruptPriority
                0x0000000008006c38       0x80 ./Middlewares/Third_Party/FreeRTOS/Source/portable/GCC/ARM_CM4F/port.o
                0x0000000008006c38                vPortValidateInterruptPriority
 .text.pvPortMalloc
                0x0000000008006cb8      0x198 ./Middlewares/Third_Party/FreeRTOS/Source/portable/MemMang/heap_4.o
                0x0000000008006cb8                pvPortMalloc
 .text.vPortFree
                0x0000000008006e50       0xc4 ./Middlewares/Third_Party/FreeRTOS/Source/portable/MemMang/heap_4.o
                0x0000000008006e50                vPortFree
 .text.prvHeapInit
                0x0000000008006f14       0xc4 ./Middlewares/Third_Party/FreeRTOS/Source/portable/MemMang/heap_4.o
 .text.prvInsertBlockIntoFreeList
                0x0000000008006fd8       0xb4 ./Middlewares/Third_Party/FreeRTOS/Source/portable/MemMang/heap_4.o
 .text.memset   0x000000000800708c       0x10 D:/ST/STM32CubeIDE_1.14.1/STM32CubeIDE/plugins/com.st.stm32cube.ide.mcu.externaltools.gnu-tools-for-stm32.11.3.rel1.win32_1.1.100.202309141235/tools/bin/../lib/gcc/arm-none-eabi/11.3.1/../../../../arm-none-eabi/lib/thumb/v7e-m+fp/hard\libc_nano.a(libc_a-memset.o)
                0x000000000800708c                memset
 .text.__libc_init_array
                0x000000000800709c       0x48 D:/ST/STM32CubeIDE_1.14.1/STM32CubeIDE/plugins/com.st.stm32cube.ide.mcu.externaltools.gnu-tools-for-stm32.11.3.rel1.win32_1.1.100.202309141235/tools/bin/../lib/gcc/arm-none-eabi/11.3.1/../../../../arm-none-eabi/lib/thumb/v7e-m+fp/hard\libc_nano.a(libc_a-init.o)
                0x000000000800709c                __libc_init_array
 .text.memcpy   0x00000000080070e4       0x1c D:/ST/STM32CubeIDE_1.14.1/STM32CubeIDE/plugins/com.st.stm32cube.ide.mcu.externaltools.gnu-tools-for-stm32.11.3.rel1.win32_1.1.100.202309141235/tools/bin/../lib/gcc/arm-none-eabi/11.3.1/../../../../arm-none-eabi/lib/thumb/v7e-m+fp/hard\libc_nano.a(libc_a-memcpy-stub.o)
                0x00000000080070e4                memcpy
 *(.glue_7)
 .glue_7        0x0000000008007100        0x0 linker stubs
 *(.glue_7t)
 .glue_7t       0x0000000008007100        0x0 linker stubs
 *(.eh_frame)
 .eh_frame      0x0000000008007100        0x0 D:/ST/STM32CubeIDE_1.14.1/STM32CubeIDE/plugins/com.st.stm32cube.ide.mcu.externaltools.gnu-tools-for-stm32.11.3.rel1.win32_1.1.100.202309141235/tools/bin/../lib/gcc/arm-none-eabi/11.3.1/thumb/v7e-m+fp/hard/crtbegin.o
 *(.init)
 .init          0x0000000008007100        0x4 D:/ST/STM32CubeIDE_1.14.1/STM32CubeIDE/plugins/com.st.stm32cube.ide.mcu.externaltools.gnu-tools-for-stm32.11.3.rel1.win32_1.1.100.202309141235/tools/bin/../lib/gcc/arm-none-eabi/11.3.1/thumb/v7e-m+fp/hard/crti.o
                0x0000000008007100                _init
 .init          0x0000000008007104        0x8 D:/ST/STM32CubeIDE_1.14.1/STM32CubeIDE/plugins/com.st.stm32cube.ide.mcu.externaltools.gnu-tools-for-stm32.11.3.rel1.win32_1.1.100.202309141235/tools/bin/../lib/gcc/arm-none-eabi/11.3.1/thumb/v7e-m+fp/hard/crtn.o
 *(.fini)
 .fini          0x000000000800710c        0x4 D:/ST/STM32CubeIDE_1.14.1/STM32CubeIDE/plugins/com.st.stm32cube.ide.mcu.externaltools.gnu-tools-for-stm32.11.3.rel1.win32_1.1.100.202309141235/tools/bin/../lib/gcc/arm-none-eabi/11.3.1/thumb/v7e-m+fp/hard/crti.o
                0x000000000800710c                _fini
 .fini          0x0000000008007110        0x8 D:/ST/STM32CubeIDE_1.14.1/STM32CubeIDE/plugins/com.st.stm32cube.ide.mcu.externaltools.gnu-tools-for-stm32.11.3.rel1.win32_1.1.100.202309141235/tools/bin/../lib/gcc/arm-none-eabi/11.3.1/thumb/v7e-m+fp/hard/crtn.o
                0x0000000008007118                . = ALIGN (0x4)
                0x0000000008007118                _etext = .

.vfp11_veneer   0x0000000008007118        0x0
 .vfp11_veneer  0x0000000008007118        0x0 linker stubs

.v4_bx          0x0000000008007118        0x0
 .v4_bx         0x0000000008007118        0x0 linker stubs

.iplt           0x0000000008007118        0x0
 .iplt          0x0000000008007118        0x0 D:/ST/STM32CubeIDE_1.14.1/STM32CubeIDE/plugins/com.st.stm32cube.ide.mcu.externaltools.gnu-tools-for-stm32.11.3.rel1.win32_1.1.100.202309141235/tools/bin/../lib/gcc/arm-none-eabi/11.3.1/thumb/v7e-m+fp/hard/crtbegin.o

.rodata         0x0000000008007118       0xa0
                0x0000000008007118                . = ALIGN (0x4)
 *(.rodata)
 .rodata        0x0000000008007118       0x7f ./Core/Src/main.o
 *fill*         0x0000000008007197        0x1 
 .rodata        0x0000000008007198        0x5 ./Middlewares/Third_Party/FreeRTOS/Source/tasks.o
 *(.rodata*)
 *fill*         0x000000000800719d        0x3 
 .rodata.AHBPrescTable
                0x00000000080071a0       0x10 ./Core/Src/system_stm32f4xx.o
                0x00000000080071a0                AHBPrescTable
 .rodata.APBPrescTable
                0x00000000080071b0        0x8 ./Core/Src/system_stm32f4xx.o
                0x00000000080071b0                APBPrescTable
                0x00000000080071b8                . = ALIGN (0x4)

.ARM.extab      0x00000000080071b8        0x0
                0x00000000080071b8                . = ALIGN (0x4)
 *(.ARM.extab* .gnu.linkonce.armextab.*)
                0x00000000080071b8                . = ALIGN (0x4)

.ARM            0x00000000080071b8        0x8
                0x00000000080071b8                . = ALIGN (0x4)
                0x00000000080071b8                __exidx_start = .
 *(.ARM.exidx*)
 .ARM.exidx     0x00000000080071b8        0x8 D:/ST/STM32CubeIDE_1.14.1/STM32CubeIDE/plugins/com.st.stm32cube.ide.mcu.externaltools.gnu-tools-for-stm32.11.3.rel1.win32_1.1.100.202309141235/tools/bin/../lib/gcc/arm-none-eabi/11.3.1/thumb/v7e-m+fp/hard\libgcc.a(_udivmoddi4.o)
                0x00000000080071c0                __exidx_end = .
                0x00000000080071c0                . = ALIGN (0x4)

.rel.dyn        0x00000000080071c0        0x0
 .rel.iplt      0x00000000080071c0        0x0 D:/ST/STM32CubeIDE_1.14.1/STM32CubeIDE/plugins/com.st.stm32cube.ide.mcu.externaltools.gnu-tools-for-stm32.11.3.rel1.win32_1.1.100.202309141235/tools/bin/../lib/gcc/arm-none-eabi/11.3.1/thumb/v7e-m+fp/hard/crtbegin.o

.preinit_array  0x00000000080071c0        0x0
                0x00000000080071c0                . = ALIGN (0x4)
                0x00000000080071c0                PROVIDE (__preinit_array_start = .)
 *(.preinit_array*)
                0x00000000080071c0                PROVIDE (__preinit_array_end = .)
                0x00000000080071c0                . = ALIGN (0x4)

.init_array     0x00000000080071c0        0x4
                0x00000000080071c0                . = ALIGN (0x4)
                0x00000000080071c0                PROVIDE (__init_array_start = .)
 *(SORT_BY_NAME(.init_array.*))
 *(.init_array*)
 .init_array    0x00000000080071c0        0x4 D:/ST/STM32CubeIDE_1.14.1/STM32CubeIDE/plugins/com.st.stm32cube.ide.mcu.externaltools.gnu-tools-for-stm32.11.3.rel1.win32_1.1.100.202309141235/tools/bin/../lib/gcc/arm-none-eabi/11.3.1/thumb/v7e-m+fp/hard/crtbegin.o
                0x00000000080071c4                PROVIDE (__init_array_end = .)
                0x00000000080071c4                . = ALIGN (0x4)

.fini_array     0x00000000080071c4        0x4
                0x00000000080071c4                . = ALIGN (0x4)
                [!provide]                        PROVIDE (__fini_array_start = .)
 *(SORT_BY_NAME(.fini_array.*))
 *(.fini_array*)
 .fini_array    0x00000000080071c4        0x4 D:/ST/STM32CubeIDE_1.14.1/STM32CubeIDE/plugins/com.st.stm32cube.ide.mcu.externaltools.gnu-tools-for-stm32.11.3.rel1.win32_1.1.100.202309141235/tools/bin/../lib/gcc/arm-none-eabi/11.3.1/thumb/v7e-m+fp/hard/crtbegin.o
                [!provide]                        PROVIDE (__fini_array_end = .)
                0x00000000080071c8                . = ALIGN (0x4)
                0x00000000080071c8                _sidata = LOADADDR (.data)

.data           0x0000000020000000       0x10 load address 0x00000000080071c8
                0x0000000020000000                . = ALIGN (0x4)
                0x0000000020000000                _sdata = .
 *(.data)
 *(.data*)
 .data.SystemCoreClock
                0x0000000020000000        0x4 ./Core/Src/system_stm32f4xx.o
                0x0000000020000000                SystemCoreClock
 .data.uwTickPrio
                0x0000000020000004        0x4 ./Drivers/STM32F4xx_HAL_Driver/Src/stm32f4xx_hal.o
                0x0000000020000004                uwTickPrio
 .data.uwTickFreq
                0x0000000020000008        0x1 ./Drivers/STM32F4xx_HAL_Driver/Src/stm32f4xx_hal.o
                0x0000000020000008                uwTickFreq
 *fill*         0x0000000020000009        0x3 
 .data.uxCriticalNesting
                0x000000002000000c        0x4 ./Middlewares/Third_Party/FreeRTOS/Source/portable/GCC/ARM_CM4F/port.o
 *(.RamFunc)
 *(.RamFunc*)
                0x0000000020000010                . = ALIGN (0x4)
                0x0000000020000010                _edata = .

.igot.plt       0x0000000020000010        0x0 load address 0x00000000080071d8
 .igot.plt      0x0000000020000010        0x0 D:/ST/STM32CubeIDE_1.14.1/STM32CubeIDE/plugins/com.st.stm32cube.ide.mcu.externaltools.gnu-tools-for-stm32.11.3.rel1.win32_1.1.100.202309141235/tools/bin/../lib/gcc/arm-none-eabi/11.3.1/thumb/v7e-m+fp/hard/crtbegin.o
                0x0000000020000010                . = ALIGN (0x4)

.bss            0x0000000020000010     0x4164 load address 0x00000000080071d8
                0x0000000020000010                _sbss = .
                0x0000000020000010                __bss_start__ = _sbss
 *(.bss)
 .bss           0x0000000020000010       0x1c D:/ST/STM32CubeIDE_1.14.1/STM32CubeIDE/plugins/com.st.stm32cube.ide.mcu.externaltools.gnu-tools-for-stm32.11.3.rel1.win32_1.1.100.202309141235/tools/bin/../lib/gcc/arm-none-eabi/11.3.1/thumb/v7e-m+fp/hard/crtbegin.o
 *(.bss*)
 .bss.xIdleTaskTCBBuffer
                0x000000002000002c       0x54 ./Core/Src/freertos.o
 .bss.xIdleStack
                0x0000000020000080      0x200 ./Core/Src/freertos.o
 .bss.htim1     0x0000000020000280       0x48 ./Core/Src/main.o
                0x0000000020000280                htim1
 .bss.htim2     0x00000000200002c8       0x48 ./Core/Src/main.o
                0x00000000200002c8                htim2
 .bss.huart1    0x0000000020000310       0x48 ./Core/Src/main.o
                0x0000000020000310                huart1
 .bss.defaultTaskHandle
                0x0000000020000358        0x4 ./Core/Src/main.o
                0x0000000020000358                defaultTaskHandle
 .bss.UltrasonicBackHandle
                0x000000002000035c        0x4 ./Core/Src/main.o
                0x000000002000035c                UltrasonicBackHandle
 .bss.LcdHandle
                0x0000000020000360        0x4 ./Core/Src/main.o
                0x0000000020000360                LcdHandle
 .bss.LcdControlBlock
                0x0000000020000364       0x48 ./Core/Src/main.o
                0x0000000020000364                LcdControlBlock
 .bss.IC_Front_Val1
                0x00000000200003ac        0x4 ./Core/Src/main.o
                0x00000000200003ac                IC_Front_Val1
 .bss.IC_Front_Val2
                0x00000000200003b0        0x4 ./Core/Src/main.o
                0x00000000200003b0                IC_Front_Val2
 .bss.Front_Difference
                0x00000000200003b4        0x4 ./Core/Src/main.o
                0x00000000200003b4                Front_Difference
 .bss.Is_First_Captured_Front
                0x00000000200003b8        0x1 ./Core/Src/main.o
                0x00000000200003b8                Is_First_Captured_Front
 .bss.Front_Distance
                0x00000000200003b9        0x1 ./Core/Src/main.o
                0x00000000200003b9                Front_Distance
 *fill*         0x00000000200003ba        0x2 
 .bss.IC_Back_Val1
                0x00000000200003bc        0x4 ./Core/Src/main.o
                0x00000000200003bc                IC_Back_Val1
 .bss.IC_Back_Val2
                0x00000000200003c0        0x4 ./Core/Src/main.o
                0x00000000200003c0                IC_Back_Val2
 .bss.Back_Difference
                0x00000000200003c4        0x4 ./Core/Src/main.o
                0x00000000200003c4                Back_Difference
 .bss.Is_First_Captured_Back
                0x00000000200003c8        0x1 ./Core/Src/main.o
                0x00000000200003c8                Is_First_Captured_Back
 .bss.Back_Distance
                0x00000000200003c9        0x1 ./Core/Src/main.o
                0x00000000200003c9                Back_Distance
 .bss.Front_Flag
                0x00000000200003ca        0x1 ./Core/Src/main.o
                0x00000000200003ca                Front_Flag
 .bss.Back_Flag
                0x00000000200003cb        0x1 ./Core/Src/main.o
                0x00000000200003cb                Back_Flag
 .bss.Car_direction
                0x00000000200003cc        0x1 ./Core/Src/main.o
                0x00000000200003cc                Car_direction
 *fill*         0x00000000200003cd        0x3 
 .bss.received_command
                0x00000000200003d0        0x1 ./Core/Src/main.o
                0x00000000200003d0                received_command
 .bss.Forward_stop
                0x00000000200003d1        0x1 ./Core/Src/main.o
                0x00000000200003d1                Forward_stop
 .bss.Backward_stop
                0x00000000200003d2        0x1 ./Core/Src/main.o
                0x00000000200003d2                Backward_stop
 *fill*         0x00000000200003d3        0x1 
 .bss.htim3     0x00000000200003d4       0x48 ./Core/Src/stm32f4xx_hal_timebase_tim.o
                0x00000000200003d4                htim3
 .bss.uwTick    0x000000002000041c        0x4 ./Drivers/STM32F4xx_HAL_Driver/Src/stm32f4xx_hal.o
                0x000000002000041c                uwTick
 .bss.pxCurrentTCB
                0x0000000020000420        0x4 ./Middlewares/Third_Party/FreeRTOS/Source/tasks.o
                0x0000000020000420                pxCurrentTCB
 .bss.pxReadyTasksLists
                0x0000000020000424       0x8c ./Middlewares/Third_Party/FreeRTOS/Source/tasks.o
 .bss.xDelayedTaskList1
                0x00000000200004b0       0x14 ./Middlewares/Third_Party/FreeRTOS/Source/tasks.o
 .bss.xDelayedTaskList2
                0x00000000200004c4       0x14 ./Middlewares/Third_Party/FreeRTOS/Source/tasks.o
 .bss.pxDelayedTaskList
                0x00000000200004d8        0x4 ./Middlewares/Third_Party/FreeRTOS/Source/tasks.o
 .bss.pxOverflowDelayedTaskList
                0x00000000200004dc        0x4 ./Middlewares/Third_Party/FreeRTOS/Source/tasks.o
 .bss.xPendingReadyList
                0x00000000200004e0       0x14 ./Middlewares/Third_Party/FreeRTOS/Source/tasks.o
 .bss.xTasksWaitingTermination
                0x00000000200004f4       0x14 ./Middlewares/Third_Party/FreeRTOS/Source/tasks.o
 .bss.uxDeletedTasksWaitingCleanUp
                0x0000000020000508        0x4 ./Middlewares/Third_Party/FreeRTOS/Source/tasks.o
 .bss.xSuspendedTaskList
                0x000000002000050c       0x14 ./Middlewares/Third_Party/FreeRTOS/Source/tasks.o
 .bss.uxCurrentNumberOfTasks
                0x0000000020000520        0x4 ./Middlewares/Third_Party/FreeRTOS/Source/tasks.o
 .bss.xTickCount
                0x0000000020000524        0x4 ./Middlewares/Third_Party/FreeRTOS/Source/tasks.o
 .bss.uxTopReadyPriority
                0x0000000020000528        0x4 ./Middlewares/Third_Party/FreeRTOS/Source/tasks.o
 .bss.xSchedulerRunning
                0x000000002000052c        0x4 ./Middlewares/Third_Party/FreeRTOS/Source/tasks.o
 .bss.xPendedTicks
                0x0000000020000530        0x4 ./Middlewares/Third_Party/FreeRTOS/Source/tasks.o
 .bss.xYieldPending
                0x0000000020000534        0x4 ./Middlewares/Third_Party/FreeRTOS/Source/tasks.o
 .bss.xNumOfOverflows
                0x0000000020000538        0x4 ./Middlewares/Third_Party/FreeRTOS/Source/tasks.o
 .bss.uxTaskNumber
                0x000000002000053c        0x4 ./Middlewares/Third_Party/FreeRTOS/Source/tasks.o
 .bss.xNextTaskUnblockTime
                0x0000000020000540        0x4 ./Middlewares/Third_Party/FreeRTOS/Source/tasks.o
 .bss.xIdleTaskHandle
                0x0000000020000544        0x4 ./Middlewares/Third_Party/FreeRTOS/Source/tasks.o
 .bss.uxSchedulerSuspended
                0x0000000020000548        0x4 ./Middlewares/Third_Party/FreeRTOS/Source/tasks.o
 .bss.ucMaxSysCallPriority
                0x000000002000054c        0x1 ./Middlewares/Third_Party/FreeRTOS/Source/portable/GCC/ARM_CM4F/port.o
 *fill*         0x000000002000054d        0x3 
 .bss.ulMaxPRIGROUPValue
                0x0000000020000550        0x4 ./Middlewares/Third_Party/FreeRTOS/Source/portable/GCC/ARM_CM4F/port.o
 .bss.ucHeap    0x0000000020000554     0x3c00 ./Middlewares/Third_Party/FreeRTOS/Source/portable/MemMang/heap_4.o
 .bss.xStart    0x0000000020004154        0x8 ./Middlewares/Third_Party/FreeRTOS/Source/portable/MemMang/heap_4.o
 .bss.pxEnd     0x000000002000415c        0x4 ./Middlewares/Third_Party/FreeRTOS/Source/portable/MemMang/heap_4.o
 .bss.xFreeBytesRemaining
                0x0000000020004160        0x4 ./Middlewares/Third_Party/FreeRTOS/Source/portable/MemMang/heap_4.o
 .bss.xMinimumEverFreeBytesRemaining
                0x0000000020004164        0x4 ./Middlewares/Third_Party/FreeRTOS/Source/portable/MemMang/heap_4.o
 .bss.xNumberOfSuccessfulAllocations
                0x0000000020004168        0x4 ./Middlewares/Third_Party/FreeRTOS/Source/portable/MemMang/heap_4.o
 .bss.xNumberOfSuccessfulFrees
                0x000000002000416c        0x4 ./Middlewares/Third_Party/FreeRTOS/Source/portable/MemMang/heap_4.o
 .bss.xBlockAllocatedBit
                0x0000000020004170        0x4 ./Middlewares/Third_Party/FreeRTOS/Source/portable/MemMang/heap_4.o
 *(COMMON)
                0x0000000020004174                . = ALIGN (0x4)
                0x0000000020004174                _ebss = .
                0x0000000020004174                __bss_end__ = _ebss

._user_heap_stack
                0x0000000020004174      0x604 load address 0x00000000080071d8
                0x0000000020004178                . = ALIGN (0x8)
 *fill*         0x0000000020004174        0x4 
                [!provide]                        PROVIDE (end = .)
                0x0000000020004178                PROVIDE (_end = .)
                0x0000000020004378                . = (. + _Min_Heap_Size)
 *fill*         0x0000000020004178      0x200 
                0x0000000020004778                . = (. + _Min_Stack_Size)
 *fill*         0x0000000020004378      0x400 
                0x0000000020004778                . = ALIGN (0x8)

/DISCARD/
 libc.a(*)
 libm.a(*)
 libgcc.a(*)

.ARM.attributes
                0x0000000000000000       0x30
 *(.ARM.attributes)
 .ARM.attributes
                0x0000000000000000       0x1e D:/ST/STM32CubeIDE_1.14.1/STM32CubeIDE/plugins/com.st.stm32cube.ide.mcu.externaltools.gnu-tools-for-stm32.11.3.rel1.win32_1.1.100.202309141235/tools/bin/../lib/gcc/arm-none-eabi/11.3.1/thumb/v7e-m+fp/hard/crti.o
 .ARM.attributes
                0x000000000000001e       0x34 D:/ST/STM32CubeIDE_1.14.1/STM32CubeIDE/plugins/com.st.stm32cube.ide.mcu.externaltools.gnu-tools-for-stm32.11.3.rel1.win32_1.1.100.202309141235/tools/bin/../lib/gcc/arm-none-eabi/11.3.1/thumb/v7e-m+fp/hard/crtbegin.o
 .ARM.attributes
                0x0000000000000052       0x34 ./Core/Src/LCD.o
 .ARM.attributes
                0x0000000000000086       0x34 ./Core/Src/Ultrasonic.o
 .ARM.attributes
                0x00000000000000ba       0x34 ./Core/Src/freertos.o
 .ARM.attributes
                0x00000000000000ee       0x34 ./Core/Src/main.o
 .ARM.attributes
                0x0000000000000122       0x34 ./Core/Src/stm32f4xx_hal_msp.o
 .ARM.attributes
                0x0000000000000156       0x34 ./Core/Src/stm32f4xx_hal_timebase_tim.o
 .ARM.attributes
                0x000000000000018a       0x34 ./Core/Src/stm32f4xx_it.o
 .ARM.attributes
                0x00000000000001be       0x34 ./Core/Src/system_stm32f4xx.o
 .ARM.attributes
                0x00000000000001f2       0x21 ./Core/Startup/startup_stm32f401ccux.o
 .ARM.attributes
                0x0000000000000213       0x34 ./Drivers/STM32F4xx_HAL_Driver/Src/stm32f4xx_hal.o
 .ARM.attributes
                0x0000000000000247       0x34 ./Drivers/STM32F4xx_HAL_Driver/Src/stm32f4xx_hal_cortex.o
 .ARM.attributes
                0x000000000000027b       0x34 ./Drivers/STM32F4xx_HAL_Driver/Src/stm32f4xx_hal_dma.o
 .ARM.attributes
                0x00000000000002af       0x34 ./Drivers/STM32F4xx_HAL_Driver/Src/stm32f4xx_hal_gpio.o
 .ARM.attributes
                0x00000000000002e3       0x34 ./Drivers/STM32F4xx_HAL_Driver/Src/stm32f4xx_hal_rcc.o
 .ARM.attributes
                0x0000000000000317       0x34 ./Drivers/STM32F4xx_HAL_Driver/Src/stm32f4xx_hal_tim.o
 .ARM.attributes
                0x000000000000034b       0x34 ./Drivers/STM32F4xx_HAL_Driver/Src/stm32f4xx_hal_tim_ex.o
 .ARM.attributes
                0x000000000000037f       0x34 ./Drivers/STM32F4xx_HAL_Driver/Src/stm32f4xx_hal_uart.o
 .ARM.attributes
                0x00000000000003b3       0x34 ./Middlewares/Third_Party/FreeRTOS/Source/CMSIS_RTOS/cmsis_os.o
 .ARM.attributes
                0x00000000000003e7       0x34 ./Middlewares/Third_Party/FreeRTOS/Source/list.o
 .ARM.attributes
                0x000000000000041b       0x34 ./Middlewares/Third_Party/FreeRTOS/Source/queue.o
 .ARM.attributes
                0x000000000000044f       0x34 ./Middlewares/Third_Party/FreeRTOS/Source/tasks.o
 .ARM.attributes
                0x0000000000000483       0x34 ./Middlewares/Third_Party/FreeRTOS/Source/portable/GCC/ARM_CM4F/port.o
 .ARM.attributes
                0x00000000000004b7       0x34 ./Middlewares/Third_Party/FreeRTOS/Source/portable/MemMang/heap_4.o
 .ARM.attributes
                0x00000000000004eb       0x34 D:/ST/STM32CubeIDE_1.14.1/STM32CubeIDE/plugins/com.st.stm32cube.ide.mcu.externaltools.gnu-tools-for-stm32.11.3.rel1.win32_1.1.100.202309141235/tools/bin/../lib/gcc/arm-none-eabi/11.3.1/../../../../arm-none-eabi/lib/thumb/v7e-m+fp/hard\libc_nano.a(libc_a-memset.o)
 .ARM.attributes
                0x000000000000051f       0x34 D:/ST/STM32CubeIDE_1.14.1/STM32CubeIDE/plugins/com.st.stm32cube.ide.mcu.externaltools.gnu-tools-for-stm32.11.3.rel1.win32_1.1.100.202309141235/tools/bin/../lib/gcc/arm-none-eabi/11.3.1/../../../../arm-none-eabi/lib/thumb/v7e-m+fp/hard\libc_nano.a(libc_a-init.o)
 .ARM.attributes
                0x0000000000000553       0x34 D:/ST/STM32CubeIDE_1.14.1/STM32CubeIDE/plugins/com.st.stm32cube.ide.mcu.externaltools.gnu-tools-for-stm32.11.3.rel1.win32_1.1.100.202309141235/tools/bin/../lib/gcc/arm-none-eabi/11.3.1/../../../../arm-none-eabi/lib/thumb/v7e-m+fp/hard\libc_nano.a(libc_a-memcpy-stub.o)
 .ARM.attributes
                0x0000000000000587       0x1e D:/ST/STM32CubeIDE_1.14.1/STM32CubeIDE/plugins/com.st.stm32cube.ide.mcu.externaltools.gnu-tools-for-stm32.11.3.rel1.win32_1.1.100.202309141235/tools/bin/../lib/gcc/arm-none-eabi/11.3.1/thumb/v7e-m+fp/hard\libgcc.a(_arm_addsubdf3.o)
 .ARM.attributes
                0x00000000000005a5       0x1e D:/ST/STM32CubeIDE_1.14.1/STM32CubeIDE/plugins/com.st.stm32cube.ide.mcu.externaltools.gnu-tools-for-stm32.11.3.rel1.win32_1.1.100.202309141235/tools/bin/../lib/gcc/arm-none-eabi/11.3.1/thumb/v7e-m+fp/hard\libgcc.a(_arm_muldivdf3.o)
 .ARM.attributes
                0x00000000000005c3       0x1e D:/ST/STM32CubeIDE_1.14.1/STM32CubeIDE/plugins/com.st.stm32cube.ide.mcu.externaltools.gnu-tools-for-stm32.11.3.rel1.win32_1.1.100.202309141235/tools/bin/../lib/gcc/arm-none-eabi/11.3.1/thumb/v7e-m+fp/hard\libgcc.a(_arm_fixunsdfsi.o)
 .ARM.attributes
                0x00000000000005e1       0x1e D:/ST/STM32CubeIDE_1.14.1/STM32CubeIDE/plugins/com.st.stm32cube.ide.mcu.externaltools.gnu-tools-for-stm32.11.3.rel1.win32_1.1.100.202309141235/tools/bin/../lib/gcc/arm-none-eabi/11.3.1/thumb/v7e-m+fp/hard\libgcc.a(_aeabi_uldivmod.o)
 .ARM.attributes
                0x00000000000005ff       0x34 D:/ST/STM32CubeIDE_1.14.1/STM32CubeIDE/plugins/com.st.stm32cube.ide.mcu.externaltools.gnu-tools-for-stm32.11.3.rel1.win32_1.1.100.202309141235/tools/bin/../lib/gcc/arm-none-eabi/11.3.1/thumb/v7e-m+fp/hard\libgcc.a(_udivmoddi4.o)
 .ARM.attributes
                0x0000000000000633       0x1e D:/ST/STM32CubeIDE_1.14.1/STM32CubeIDE/plugins/com.st.stm32cube.ide.mcu.externaltools.gnu-tools-for-stm32.11.3.rel1.win32_1.1.100.202309141235/tools/bin/../lib/gcc/arm-none-eabi/11.3.1/thumb/v7e-m+fp/hard\libgcc.a(_dvmd_tls.o)
 .ARM.attributes
                0x0000000000000651       0x1e D:/ST/STM32CubeIDE_1.14.1/STM32CubeIDE/plugins/com.st.stm32cube.ide.mcu.externaltools.gnu-tools-for-stm32.11.3.rel1.win32_1.1.100.202309141235/tools/bin/../lib/gcc/arm-none-eabi/11.3.1/thumb/v7e-m+fp/hard/crtn.o
OUTPUT(ultrasonic.elf elf32-littlearm)
LOAD linker stubs
LOAD D:/ST/STM32CubeIDE_1.14.1/STM32CubeIDE/plugins/com.st.stm32cube.ide.mcu.externaltools.gnu-tools-for-stm32.11.3.rel1.win32_1.1.100.202309141235/tools/bin/../lib/gcc/arm-none-eabi/11.3.1/../../../../arm-none-eabi/lib/thumb/v7e-m+fp/hard\libc.a
LOAD D:/ST/STM32CubeIDE_1.14.1/STM32CubeIDE/plugins/com.st.stm32cube.ide.mcu.externaltools.gnu-tools-for-stm32.11.3.rel1.win32_1.1.100.202309141235/tools/bin/../lib/gcc/arm-none-eabi/11.3.1/../../../../arm-none-eabi/lib/thumb/v7e-m+fp/hard\libm.a
LOAD D:/ST/STM32CubeIDE_1.14.1/STM32CubeIDE/plugins/com.st.stm32cube.ide.mcu.externaltools.gnu-tools-for-stm32.11.3.rel1.win32_1.1.100.202309141235/tools/bin/../lib/gcc/arm-none-eabi/11.3.1/thumb/v7e-m+fp/hard\libgcc.a

.comment        0x0000000000000000       0x43
 .comment       0x0000000000000000       0x43 D:/ST/STM32CubeIDE_1.14.1/STM32CubeIDE/plugins/com.st.stm32cube.ide.mcu.externaltools.gnu-tools-for-stm32.11.3.rel1.win32_1.1.100.202309141235/tools/bin/../lib/gcc/arm-none-eabi/11.3.1/thumb/v7e-m+fp/hard/crtbegin.o
                                         0x44 (size before relaxing)
 .comment       0x0000000000000043       0x44 ./Core/Src/LCD.o
 .comment       0x0000000000000043       0x44 ./Core/Src/Ultrasonic.o
 .comment       0x0000000000000043       0x44 ./Core/Src/freertos.o
 .comment       0x0000000000000043       0x44 ./Core/Src/main.o
 .comment       0x0000000000000043       0x44 ./Core/Src/stm32f4xx_hal_msp.o
 .comment       0x0000000000000043       0x44 ./Core/Src/stm32f4xx_hal_timebase_tim.o
 .comment       0x0000000000000043       0x44 ./Core/Src/stm32f4xx_it.o
 .comment       0x0000000000000043       0x44 ./Core/Src/system_stm32f4xx.o
 .comment       0x0000000000000043       0x44 ./Drivers/STM32F4xx_HAL_Driver/Src/stm32f4xx_hal.o
 .comment       0x0000000000000043       0x44 ./Drivers/STM32F4xx_HAL_Driver/Src/stm32f4xx_hal_cortex.o
 .comment       0x0000000000000043       0x44 ./Drivers/STM32F4xx_HAL_Driver/Src/stm32f4xx_hal_dma.o
 .comment       0x0000000000000043       0x44 ./Drivers/STM32F4xx_HAL_Driver/Src/stm32f4xx_hal_gpio.o
 .comment       0x0000000000000043       0x44 ./Drivers/STM32F4xx_HAL_Driver/Src/stm32f4xx_hal_rcc.o
 .comment       0x0000000000000043       0x44 ./Drivers/STM32F4xx_HAL_Driver/Src/stm32f4xx_hal_tim.o
 .comment       0x0000000000000043       0x44 ./Drivers/STM32F4xx_HAL_Driver/Src/stm32f4xx_hal_tim_ex.o
 .comment       0x0000000000000043       0x44 ./Drivers/STM32F4xx_HAL_Driver/Src/stm32f4xx_hal_uart.o
 .comment       0x0000000000000043       0x44 ./Middlewares/Third_Party/FreeRTOS/Source/CMSIS_RTOS/cmsis_os.o
 .comment       0x0000000000000043       0x44 ./Middlewares/Third_Party/FreeRTOS/Source/list.o
 .comment       0x0000000000000043       0x44 ./Middlewares/Third_Party/FreeRTOS/Source/queue.o
 .comment       0x0000000000000043       0x44 ./Middlewares/Third_Party/FreeRTOS/Source/tasks.o
 .comment       0x0000000000000043       0x44 ./Middlewares/Third_Party/FreeRTOS/Source/portable/GCC/ARM_CM4F/port.o
 .comment       0x0000000000000043       0x44 ./Middlewares/Third_Party/FreeRTOS/Source/portable/MemMang/heap_4.o

.debug_info     0x0000000000000000    0x14a7c
 .debug_info    0x0000000000000000      0x409 ./Core/Src/LCD.o
 .debug_info    0x0000000000000409      0x798 ./Core/Src/Ultrasonic.o
 .debug_info    0x0000000000000ba1      0x279 ./Core/Src/freertos.o
 .debug_info    0x0000000000000e1a     0x1aa2 ./Core/Src/main.o
 .debug_info    0x00000000000028bc      0xf1c ./Core/Src/stm32f4xx_hal_msp.o
 .debug_info    0x00000000000037d8      0xb7d ./Core/Src/stm32f4xx_hal_timebase_tim.o
 .debug_info    0x0000000000004355      0x982 ./Core/Src/stm32f4xx_it.o
 .debug_info    0x0000000000004cd7      0x53e ./Core/Src/system_stm32f4xx.o
 .debug_info    0x0000000000005215       0x23 ./Core/Startup/startup_stm32f401ccux.o
 .debug_info    0x0000000000005238      0x8bb ./Drivers/STM32F4xx_HAL_Driver/Src/stm32f4xx_hal.o
 .debug_info    0x0000000000005af3      0xcc1 ./Drivers/STM32F4xx_HAL_Driver/Src/stm32f4xx_hal_cortex.o
 .debug_info    0x00000000000067b4      0x8e6 ./Drivers/STM32F4xx_HAL_Driver/Src/stm32f4xx_hal_dma.o
 .debug_info    0x000000000000709a      0x6f9 ./Drivers/STM32F4xx_HAL_Driver/Src/stm32f4xx_hal_gpio.o
 .debug_info    0x0000000000007793      0x8f3 ./Drivers/STM32F4xx_HAL_Driver/Src/stm32f4xx_hal_rcc.o
 .debug_info    0x0000000000008086     0x2996 ./Drivers/STM32F4xx_HAL_Driver/Src/stm32f4xx_hal_tim.o
 .debug_info    0x000000000000aa1c     0x14d4 ./Drivers/STM32F4xx_HAL_Driver/Src/stm32f4xx_hal_tim_ex.o
 .debug_info    0x000000000000bef0     0x2f56 ./Drivers/STM32F4xx_HAL_Driver/Src/stm32f4xx_hal_uart.o
 .debug_info    0x000000000000ee46     0x1b60 ./Middlewares/Third_Party/FreeRTOS/Source/CMSIS_RTOS/cmsis_os.o
 .debug_info    0x00000000000109a6      0x2af ./Middlewares/Third_Party/FreeRTOS/Source/list.o
 .debug_info    0x0000000000010c55     0x17cd ./Middlewares/Third_Party/FreeRTOS/Source/queue.o
 .debug_info    0x0000000000012422     0x1ca7 ./Middlewares/Third_Party/FreeRTOS/Source/tasks.o
 .debug_info    0x00000000000140c9      0x4de ./Middlewares/Third_Party/FreeRTOS/Source/portable/GCC/ARM_CM4F/port.o
 .debug_info    0x00000000000145a7      0x4d5 ./Middlewares/Third_Party/FreeRTOS/Source/portable/MemMang/heap_4.o

.debug_abbrev   0x0000000000000000     0x32b9
 .debug_abbrev  0x0000000000000000      0x1a1 ./Core/Src/LCD.o
 .debug_abbrev  0x00000000000001a1      0x1b5 ./Core/Src/Ultrasonic.o
 .debug_abbrev  0x0000000000000356       0xd2 ./Core/Src/freertos.o
 .debug_abbrev  0x0000000000000428      0x359 ./Core/Src/main.o
 .debug_abbrev  0x0000000000000781      0x1de ./Core/Src/stm32f4xx_hal_msp.o
 .debug_abbrev  0x000000000000095f      0x207 ./Core/Src/stm32f4xx_hal_timebase_tim.o
 .debug_abbrev  0x0000000000000b66      0x19c ./Core/Src/stm32f4xx_it.o
 .debug_abbrev  0x0000000000000d02      0x11a ./Core/Src/system_stm32f4xx.o
 .debug_abbrev  0x0000000000000e1c       0x12 ./Core/Startup/startup_stm32f401ccux.o
 .debug_abbrev  0x0000000000000e2e      0x24b ./Drivers/STM32F4xx_HAL_Driver/Src/stm32f4xx_hal.o
 .debug_abbrev  0x0000000000001079      0x328 ./Drivers/STM32F4xx_HAL_Driver/Src/stm32f4xx_hal_cortex.o
 .debug_abbrev  0x00000000000013a1      0x221 ./Drivers/STM32F4xx_HAL_Driver/Src/stm32f4xx_hal_dma.o
 .debug_abbrev  0x00000000000015c2      0x1d3 ./Drivers/STM32F4xx_HAL_Driver/Src/stm32f4xx_hal_gpio.o
 .debug_abbrev  0x0000000000001795      0x2b5 ./Drivers/STM32F4xx_HAL_Driver/Src/stm32f4xx_hal_rcc.o
 .debug_abbrev  0x0000000000001a4a      0x28b ./Drivers/STM32F4xx_HAL_Driver/Src/stm32f4xx_hal_tim.o
 .debug_abbrev  0x0000000000001cd5      0x296 ./Drivers/STM32F4xx_HAL_Driver/Src/stm32f4xx_hal_tim_ex.o
 .debug_abbrev  0x0000000000001f6b      0x31b ./Drivers/STM32F4xx_HAL_Driver/Src/stm32f4xx_hal_uart.o
 .debug_abbrev  0x0000000000002286      0x3b7 ./Middlewares/Third_Party/FreeRTOS/Source/CMSIS_RTOS/cmsis_os.o
 .debug_abbrev  0x000000000000263d       0xf5 ./Middlewares/Third_Party/FreeRTOS/Source/list.o
 .debug_abbrev  0x0000000000002732      0x3b5 ./Middlewares/Third_Party/FreeRTOS/Source/queue.o
 .debug_abbrev  0x0000000000002ae7      0x359 ./Middlewares/Third_Party/FreeRTOS/Source/tasks.o
 .debug_abbrev  0x0000000000002e40      0x25c ./Middlewares/Third_Party/FreeRTOS/Source/portable/GCC/ARM_CM4F/port.o
 .debug_abbrev  0x000000000000309c      0x21d ./Middlewares/Third_Party/FreeRTOS/Source/portable/MemMang/heap_4.o

.debug_aranges  0x0000000000000000     0x12d0
 .debug_aranges
                0x0000000000000000       0x70 ./Core/Src/LCD.o
 .debug_aranges
                0x0000000000000070       0x20 ./Core/Src/Ultrasonic.o
 .debug_aranges
                0x0000000000000090       0x20 ./Core/Src/freertos.o
 .debug_aranges
                0x00000000000000b0       0x88 ./Core/Src/main.o
 .debug_aranges
                0x0000000000000138       0x40 ./Core/Src/stm32f4xx_hal_msp.o
 .debug_aranges
                0x0000000000000178       0x30 ./Core/Src/stm32f4xx_hal_timebase_tim.o
 .debug_aranges
                0x00000000000001a8       0x68 ./Core/Src/stm32f4xx_it.o
 .debug_aranges
                0x0000000000000210       0x28 ./Core/Src/system_stm32f4xx.o
 .debug_aranges
                0x0000000000000238       0x28 ./Core/Startup/startup_stm32f401ccux.o
 .debug_aranges
                0x0000000000000260       0xf0 ./Drivers/STM32F4xx_HAL_Driver/Src/stm32f4xx_hal.o
 .debug_aranges
                0x0000000000000350      0x120 ./Drivers/STM32F4xx_HAL_Driver/Src/stm32f4xx_hal_cortex.o
 .debug_aranges
                0x0000000000000470       0x90 ./Drivers/STM32F4xx_HAL_Driver/Src/stm32f4xx_hal_dma.o
 .debug_aranges
                0x0000000000000500       0x58 ./Drivers/STM32F4xx_HAL_Driver/Src/stm32f4xx_hal_gpio.o
 .debug_aranges
                0x0000000000000558       0x88 ./Drivers/STM32F4xx_HAL_Driver/Src/stm32f4xx_hal_rcc.o
 .debug_aranges
                0x00000000000005e0      0x3d0 ./Drivers/STM32F4xx_HAL_Driver/Src/stm32f4xx_hal_tim.o
 .debug_aranges
                0x00000000000009b0      0x168 ./Drivers/STM32F4xx_HAL_Driver/Src/stm32f4xx_hal_tim_ex.o
 .debug_aranges
                0x0000000000000b18      0x208 ./Drivers/STM32F4xx_HAL_Driver/Src/stm32f4xx_hal_uart.o
 .debug_aranges
                0x0000000000000d20      0x1d8 ./Middlewares/Third_Party/FreeRTOS/Source/CMSIS_RTOS/cmsis_os.o
 .debug_aranges
                0x0000000000000ef8       0x40 ./Middlewares/Third_Party/FreeRTOS/Source/list.o
 .debug_aranges
                0x0000000000000f38      0x108 ./Middlewares/Third_Party/FreeRTOS/Source/queue.o
 .debug_aranges
                0x0000000000001040      0x1b8 ./Middlewares/Third_Party/FreeRTOS/Source/tasks.o
 .debug_aranges
                0x00000000000011f8       0x80 ./Middlewares/Third_Party/FreeRTOS/Source/portable/GCC/ARM_CM4F/port.o
 .debug_aranges
                0x0000000000001278       0x58 ./Middlewares/Third_Party/FreeRTOS/Source/portable/MemMang/heap_4.o

.debug_rnglists
                0x0000000000000000      0xe9b
 .debug_rnglists
                0x0000000000000000       0x50 ./Core/Src/LCD.o
 .debug_rnglists
                0x0000000000000050       0x13 ./Core/Src/Ultrasonic.o
 .debug_rnglists
                0x0000000000000063       0x13 ./Core/Src/freertos.o
 .debug_rnglists
                0x0000000000000076       0x69 ./Core/Src/main.o
 .debug_rnglists
                0x00000000000000df       0x2d ./Core/Src/stm32f4xx_hal_msp.o
 .debug_rnglists
                0x000000000000010c       0x20 ./Core/Src/stm32f4xx_hal_timebase_tim.o
 .debug_rnglists
                0x000000000000012c       0x49 ./Core/Src/stm32f4xx_it.o
 .debug_rnglists
                0x0000000000000175       0x1a ./Core/Src/system_stm32f4xx.o
 .debug_rnglists
                0x000000000000018f       0x19 ./Core/Startup/startup_stm32f401ccux.o
 .debug_rnglists
                0x00000000000001a8       0xaf ./Drivers/STM32F4xx_HAL_Driver/Src/stm32f4xx_hal.o
 .debug_rnglists
                0x0000000000000257       0xd4 ./Drivers/STM32F4xx_HAL_Driver/Src/stm32f4xx_hal_cortex.o
 .debug_rnglists
                0x000000000000032b       0x70 ./Drivers/STM32F4xx_HAL_Driver/Src/stm32f4xx_hal_dma.o
 .debug_rnglists
                0x000000000000039b       0x3f ./Drivers/STM32F4xx_HAL_Driver/Src/stm32f4xx_hal_gpio.o
 .debug_rnglists
                0x00000000000003da       0x66 ./Drivers/STM32F4xx_HAL_Driver/Src/stm32f4xx_hal_rcc.o
 .debug_rnglists
                0x0000000000000440      0x31a ./Drivers/STM32F4xx_HAL_Driver/Src/stm32f4xx_hal_tim.o
 .debug_rnglists
                0x000000000000075a      0x125 ./Drivers/STM32F4xx_HAL_Driver/Src/stm32f4xx_hal_tim_ex.o
 .debug_rnglists
                0x000000000000087f      0x1bc ./Drivers/STM32F4xx_HAL_Driver/Src/stm32f4xx_hal_uart.o
 .debug_rnglists
                0x0000000000000a3b      0x16a ./Middlewares/Third_Party/FreeRTOS/Source/CMSIS_RTOS/cmsis_os.o
 .debug_rnglists
                0x0000000000000ba5       0x2b ./Middlewares/Third_Party/FreeRTOS/Source/list.o
 .debug_rnglists
                0x0000000000000bd0       0xcd ./Middlewares/Third_Party/FreeRTOS/Source/queue.o
 .debug_rnglists
                0x0000000000000c9d      0x15f ./Middlewares/Third_Party/FreeRTOS/Source/tasks.o
 .debug_rnglists
                0x0000000000000dfc       0x5d ./Middlewares/Third_Party/FreeRTOS/Source/portable/GCC/ARM_CM4F/port.o
 .debug_rnglists
                0x0000000000000e59       0x42 ./Middlewares/Third_Party/FreeRTOS/Source/portable/MemMang/heap_4.o

.debug_macro    0x0000000000000000    0x17a96
 .debug_macro   0x0000000000000000      0x298 ./Core/Src/LCD.o
 .debug_macro   0x0000000000000298      0xaa8 ./Core/Src/LCD.o
 .debug_macro   0x0000000000000d40      0x29b ./Core/Src/LCD.o
 .debug_macro   0x0000000000000fdb       0x2e ./Core/Src/LCD.o
 .debug_macro   0x0000000000001009       0x28 ./Core/Src/LCD.o
 .debug_macro   0x0000000000001031       0x22 ./Core/Src/LCD.o
 .debug_macro   0x0000000000001053       0x8e ./Core/Src/LCD.o
 .debug_macro   0x00000000000010e1       0x51 ./Core/Src/LCD.o
 .debug_macro   0x0000000000001132      0x103 ./Core/Src/LCD.o
 .debug_macro   0x0000000000001235       0x6a ./Core/Src/LCD.o
 .debug_macro   0x000000000000129f      0x1df ./Core/Src/LCD.o
 .debug_macro   0x000000000000147e       0x1c ./Core/Src/LCD.o
 .debug_macro   0x000000000000149a       0x22 ./Core/Src/LCD.o
 .debug_macro   0x00000000000014bc       0xfb ./Core/Src/LCD.o
 .debug_macro   0x00000000000015b7     0x1011 ./Core/Src/LCD.o
 .debug_macro   0x00000000000025c8      0x11f ./Core/Src/LCD.o
 .debug_macro   0x00000000000026e7     0xb86c ./Core/Src/LCD.o
 .debug_macro   0x000000000000df53       0x6d ./Core/Src/LCD.o
 .debug_macro   0x000000000000dfc0     0x368c ./Core/Src/LCD.o
 .debug_macro   0x000000000001164c      0x174 ./Core/Src/LCD.o
 .debug_macro   0x00000000000117c0       0x5c ./Core/Src/LCD.o
 .debug_macro   0x000000000001181c      0x416 ./Core/Src/LCD.o
 .debug_macro   0x0000000000011c32      0x9e9 ./Core/Src/LCD.o
 .debug_macro   0x000000000001261b      0x115 ./Core/Src/LCD.o
 .debug_macro   0x0000000000012730       0xf8 ./Core/Src/LCD.o
 .debug_macro   0x0000000000012828       0xa5 ./Core/Src/LCD.o
 .debug_macro   0x00000000000128cd      0x15f ./Core/Src/LCD.o
 .debug_macro   0x0000000000012a2c      0x287 ./Core/Src/LCD.o
 .debug_macro   0x0000000000012cb3       0x5f ./Core/Src/LCD.o
 .debug_macro   0x0000000000012d12      0x236 ./Core/Src/LCD.o
 .debug_macro   0x0000000000012f48      0x132 ./Core/Src/LCD.o
 .debug_macro   0x000000000001307a      0x23a ./Core/Src/LCD.o
 .debug_macro   0x00000000000132b4       0x2e ./Core/Src/LCD.o
 .debug_macro   0x00000000000132e2      0x127 ./Core/Src/LCD.o
 .debug_macro   0x0000000000013409       0x85 ./Core/Src/LCD.o
 .debug_macro   0x000000000001348e       0x89 ./Core/Src/LCD.o
 .debug_macro   0x0000000000013517      0x8ed ./Core/Src/LCD.o
 .debug_macro   0x0000000000013e04       0x47 ./Core/Src/LCD.o
 .debug_macro   0x0000000000013e4b      0x2aa ./Core/Src/LCD.o
 .debug_macro   0x00000000000140f5      0x126 ./Core/Src/LCD.o
 .debug_macro   0x000000000001421b       0xea ./Core/Src/LCD.o
 .debug_macro   0x0000000000014305      0x15a ./Core/Src/LCD.o
 .debug_macro   0x000000000001445f       0xde ./Core/Src/LCD.o
 .debug_macro   0x000000000001453d       0x1c ./Core/Src/LCD.o
 .debug_macro   0x0000000000014559       0x26 ./Core/Src/LCD.o
 .debug_macro   0x000000000001457f      0x504 ./Core/Src/LCD.o
 .debug_macro   0x0000000000014a83       0xb5 ./Core/Src/LCD.o
 .debug_macro   0x0000000000014b38       0xaa ./Core/Src/LCD.o
 .debug_macro   0x0000000000014be2       0x91 ./Core/Src/LCD.o
 .debug_macro   0x0000000000014c73       0x8d ./Core/Src/LCD.o
 .debug_macro   0x0000000000014d00       0x7e ./Core/Src/LCD.o
 .debug_macro   0x0000000000014d7e       0x19 ./Core/Src/LCD.o
 .debug_macro   0x0000000000014d97       0xf2 ./Core/Src/LCD.o
 .debug_macro   0x0000000000014e89       0x8e ./Core/Src/LCD.o
 .debug_macro   0x0000000000014f17      0x1e2 ./Core/Src/Ultrasonic.o
 .debug_macro   0x00000000000150f9      0x240 ./Core/Src/freertos.o
 .debug_macro   0x0000000000015339       0xea ./Core/Src/freertos.o
 .debug_macro   0x0000000000015423      0x2fd ./Core/Src/main.o
 .debug_macro   0x0000000000015720      0x1d8 ./Core/Src/stm32f4xx_hal_msp.o
 .debug_macro   0x00000000000158f8      0x1ce ./Core/Src/stm32f4xx_hal_timebase_tim.o
 .debug_macro   0x0000000000015ac6      0x1e2 ./Core/Src/stm32f4xx_it.o
 .debug_macro   0x0000000000015ca8      0x1ce ./Core/Src/system_stm32f4xx.o
 .debug_macro   0x0000000000015e76      0x22e ./Drivers/STM32F4xx_HAL_Driver/Src/stm32f4xx_hal.o
 .debug_macro   0x00000000000160a4      0x1ce ./Drivers/STM32F4xx_HAL_Driver/Src/stm32f4xx_hal_cortex.o
 .debug_macro   0x0000000000016272      0x1d4 ./Drivers/STM32F4xx_HAL_Driver/Src/stm32f4xx_hal_dma.o
 .debug_macro   0x0000000000016446      0x1d4 ./Drivers/STM32F4xx_HAL_Driver/Src/stm32f4xx_hal_gpio.o
 .debug_macro   0x000000000001661a      0x1f2 ./Drivers/STM32F4xx_HAL_Driver/Src/stm32f4xx_hal_rcc.o
 .debug_macro   0x000000000001680c      0x1cf ./Drivers/STM32F4xx_HAL_Driver/Src/stm32f4xx_hal_tim.o
 .debug_macro   0x00000000000169db      0x1ce ./Drivers/STM32F4xx_HAL_Driver/Src/stm32f4xx_hal_tim_ex.o
 .debug_macro   0x0000000000016ba9      0x1cf ./Drivers/STM32F4xx_HAL_Driver/Src/stm32f4xx_hal_uart.o
 .debug_macro   0x0000000000016d78      0x1fe ./Middlewares/Third_Party/FreeRTOS/Source/CMSIS_RTOS/cmsis_os.o
 .debug_macro   0x0000000000016f76       0x10 ./Middlewares/Third_Party/FreeRTOS/Source/CMSIS_RTOS/cmsis_os.o
 .debug_macro   0x0000000000016f86       0x20 ./Middlewares/Third_Party/FreeRTOS/Source/CMSIS_RTOS/cmsis_os.o
 .debug_macro   0x0000000000016fa6       0xe9 ./Middlewares/Third_Party/FreeRTOS/Source/CMSIS_RTOS/cmsis_os.o
 .debug_macro   0x000000000001708f      0x187 ./Middlewares/Third_Party/FreeRTOS/Source/list.o
 .debug_macro   0x0000000000017216      0x216 ./Middlewares/Third_Party/FreeRTOS/Source/queue.o
 .debug_macro   0x000000000001742c       0x16 ./Middlewares/Third_Party/FreeRTOS/Source/queue.o
 .debug_macro   0x0000000000017442       0x87 ./Middlewares/Third_Party/FreeRTOS/Source/queue.o
 .debug_macro   0x00000000000174c9      0x279 ./Middlewares/Third_Party/FreeRTOS/Source/tasks.o
 .debug_macro   0x0000000000017742       0x10 ./Middlewares/Third_Party/FreeRTOS/Source/tasks.o
 .debug_macro   0x0000000000017752      0x196 ./Middlewares/Third_Party/FreeRTOS/Source/portable/GCC/ARM_CM4F/port.o
 .debug_macro   0x00000000000178e8      0x1ae ./Middlewares/Third_Party/FreeRTOS/Source/portable/MemMang/heap_4.o

.debug_line     0x0000000000000000    0x15a08
 .debug_line    0x0000000000000000      0xa17 ./Core/Src/LCD.o
 .debug_line    0x0000000000000a17      0x759 ./Core/Src/Ultrasonic.o
 .debug_line    0x0000000000001170      0x84d ./Core/Src/freertos.o
 .debug_line    0x00000000000019bd      0xcf1 ./Core/Src/main.o
 .debug_line    0x00000000000026ae      0x825 ./Core/Src/stm32f4xx_hal_msp.o
 .debug_line    0x0000000000002ed3      0x7ca ./Core/Src/stm32f4xx_hal_timebase_tim.o
 .debug_line    0x000000000000369d      0x833 ./Core/Src/stm32f4xx_it.o
 .debug_line    0x0000000000003ed0      0x7d0 ./Core/Src/system_stm32f4xx.o
 .debug_line    0x00000000000046a0       0x7a ./Core/Startup/startup_stm32f401ccux.o
 .debug_line    0x000000000000471a      0xa36 ./Drivers/STM32F4xx_HAL_Driver/Src/stm32f4xx_hal.o
 .debug_line    0x0000000000005150      0xd02 ./Drivers/STM32F4xx_HAL_Driver/Src/stm32f4xx_hal_cortex.o
 .debug_line    0x0000000000005e52      0xf9a ./Drivers/STM32F4xx_HAL_Driver/Src/stm32f4xx_hal_dma.o
 .debug_line    0x0000000000006dec      0xb6e ./Drivers/STM32F4xx_HAL_Driver/Src/stm32f4xx_hal_gpio.o
 .debug_line    0x000000000000795a      0xdad ./Drivers/STM32F4xx_HAL_Driver/Src/stm32f4xx_hal_rcc.o
 .debug_line    0x0000000000008707     0x359c ./Drivers/STM32F4xx_HAL_Driver/Src/stm32f4xx_hal_tim.o
 .debug_line    0x000000000000bca3     0x19cd ./Drivers/STM32F4xx_HAL_Driver/Src/stm32f4xx_hal_tim_ex.o
 .debug_line    0x000000000000d670     0x28f3 ./Drivers/STM32F4xx_HAL_Driver/Src/stm32f4xx_hal_uart.o
 .debug_line    0x000000000000ff63     0x1266 ./Middlewares/Third_Party/FreeRTOS/Source/CMSIS_RTOS/cmsis_os.o
 .debug_line    0x00000000000111c9      0x796 ./Middlewares/Third_Party/FreeRTOS/Source/list.o
 .debug_line    0x000000000001195f     0x1517 ./Middlewares/Third_Party/FreeRTOS/Source/queue.o
 .debug_line    0x0000000000012e76     0x19a5 ./Middlewares/Third_Party/FreeRTOS/Source/tasks.o
 .debug_line    0x000000000001481b      0x830 ./Middlewares/Third_Party/FreeRTOS/Source/portable/GCC/ARM_CM4F/port.o
 .debug_line    0x000000000001504b      0x9bd ./Middlewares/Third_Party/FreeRTOS/Source/portable/MemMang/heap_4.o

.debug_str      0x0000000000000000    0x9624b
 .debug_str     0x0000000000000000    0x8c2f9 ./Core/Src/LCD.o
                                      0x8c5ac (size before relaxing)
 .debug_str     0x000000000008c2f9      0x4c9 ./Core/Src/Ultrasonic.o
                                      0x86780 (size before relaxing)
 .debug_str     0x000000000008c7c2      0x144 ./Core/Src/freertos.o
                                      0x8a0c6 (size before relaxing)
 .debug_str     0x000000000008c906      0xc0a ./Core/Src/main.o
                                      0x8d56e (size before relaxing)
 .debug_str     0x000000000008d510      0x458 ./Core/Src/stm32f4xx_hal_msp.o
                                      0x86eb8 (size before relaxing)
 .debug_str     0x000000000008d968      0x107 ./Core/Src/stm32f4xx_hal_timebase_tim.o
                                      0x86d07 (size before relaxing)
 .debug_str     0x000000000008da6f       0xfe ./Core/Src/stm32f4xx_it.o
                                      0x869dc (size before relaxing)
 .debug_str     0x000000000008db6d       0xdb ./Core/Src/system_stm32f4xx.o
                                      0x86372 (size before relaxing)
 .debug_str     0x000000000008dc48       0x34 ./Core/Startup/startup_stm32f401ccux.o
                                         0x5f (size before relaxing)
 .debug_str     0x000000000008dc7c      0x5d3 ./Drivers/STM32F4xx_HAL_Driver/Src/stm32f4xx_hal.o
                                      0x86d94 (size before relaxing)
 .debug_str     0x000000000008e24f      0x32a ./Drivers/STM32F4xx_HAL_Driver/Src/stm32f4xx_hal_cortex.o
                                      0x86acc (size before relaxing)
 .debug_str     0x000000000008e579      0x323 ./Drivers/STM32F4xx_HAL_Driver/Src/stm32f4xx_hal_dma.o
                                      0x8677a (size before relaxing)
 .debug_str     0x000000000008e89c      0x10e ./Drivers/STM32F4xx_HAL_Driver/Src/stm32f4xx_hal_gpio.o
                                      0x864ed (size before relaxing)
 .debug_str     0x000000000008e9aa      0x1fd ./Drivers/STM32F4xx_HAL_Driver/Src/stm32f4xx_hal_rcc.o
                                      0x867a6 (size before relaxing)
 .debug_str     0x000000000008eba7      0xd93 ./Drivers/STM32F4xx_HAL_Driver/Src/stm32f4xx_hal_tim.o
                                      0x876ea (size before relaxing)
 .debug_str     0x000000000008f93a      0x493 ./Drivers/STM32F4xx_HAL_Driver/Src/stm32f4xx_hal_tim_ex.o
                                      0x86ef6 (size before relaxing)
 .debug_str     0x000000000008fdcd      0x5d2 ./Drivers/STM32F4xx_HAL_Driver/Src/stm32f4xx_hal_uart.o
                                      0x86d75 (size before relaxing)
 .debug_str     0x000000000009039f     0x3abd ./Middlewares/Third_Party/FreeRTOS/Source/CMSIS_RTOS/cmsis_os.o
                                       0xe9a9 (size before relaxing)
 .debug_str     0x0000000000093e5c      0x20f ./Middlewares/Third_Party/FreeRTOS/Source/list.o
                                       0xaa7f (size before relaxing)
 .debug_str     0x000000000009406b      0x7ed ./Middlewares/Third_Party/FreeRTOS/Source/queue.o
                                       0xc412 (size before relaxing)
 .debug_str     0x0000000000094858      0xf43 ./Middlewares/Third_Party/FreeRTOS/Source/tasks.o
                                       0xcdea (size before relaxing)
 .debug_str     0x000000000009579b      0x783 ./Middlewares/Third_Party/FreeRTOS/Source/portable/GCC/ARM_CM4F/port.o
                                       0x86c4 (size before relaxing)
 .debug_str     0x0000000000095f1e      0x32d ./Middlewares/Third_Party/FreeRTOS/Source/portable/MemMang/heap_4.o
                                       0xb3c1 (size before relaxing)

.debug_frame    0x0000000000000000     0x4f00
 .debug_frame   0x0000000000000000      0x174 ./Core/Src/LCD.o
 .debug_frame   0x0000000000000174       0x34 ./Core/Src/Ultrasonic.o
 .debug_frame   0x00000000000001a8       0x38 ./Core/Src/freertos.o
 .debug_frame   0x00000000000001e0      0x1e4 ./Core/Src/main.o
 .debug_frame   0x00000000000003c4       0xc4 ./Core/Src/stm32f4xx_hal_msp.o
 .debug_frame   0x0000000000000488       0x74 ./Core/Src/stm32f4xx_hal_timebase_tim.o
 .debug_frame   0x00000000000004fc      0x118 ./Core/Src/stm32f4xx_it.o
 .debug_frame   0x0000000000000614       0x58 ./Core/Src/system_stm32f4xx.o
 .debug_frame   0x000000000000066c      0x374 ./Drivers/STM32F4xx_HAL_Driver/Src/stm32f4xx_hal.o
 .debug_frame   0x00000000000009e0      0x4b8 ./Drivers/STM32F4xx_HAL_Driver/Src/stm32f4xx_hal_cortex.o
 .debug_frame   0x0000000000000e98      0x250 ./Drivers/STM32F4xx_HAL_Driver/Src/stm32f4xx_hal_dma.o
 .debug_frame   0x00000000000010e8      0x14c ./Drivers/STM32F4xx_HAL_Driver/Src/stm32f4xx_hal_gpio.o
 .debug_frame   0x0000000000001234      0x1f4 ./Drivers/STM32F4xx_HAL_Driver/Src/stm32f4xx_hal_rcc.o
 .debug_frame   0x0000000000001428     0x11b8 ./Drivers/STM32F4xx_HAL_Driver/Src/stm32f4xx_hal_tim.o
 .debug_frame   0x00000000000025e0      0x638 ./Drivers/STM32F4xx_HAL_Driver/Src/stm32f4xx_hal_tim_ex.o
 .debug_frame   0x0000000000002c18      0x954 ./Drivers/STM32F4xx_HAL_Driver/Src/stm32f4xx_hal_uart.o
 .debug_frame   0x000000000000356c      0x80c ./Middlewares/Third_Party/FreeRTOS/Source/CMSIS_RTOS/cmsis_os.o
 .debug_frame   0x0000000000003d78       0xd8 ./Middlewares/Third_Party/FreeRTOS/Source/list.o
 .debug_frame   0x0000000000003e50      0x46c ./Middlewares/Third_Party/FreeRTOS/Source/queue.o
 .debug_frame   0x00000000000042bc      0x77c ./Middlewares/Third_Party/FreeRTOS/Source/tasks.o
 .debug_frame   0x0000000000004a38      0x1a8 ./Middlewares/Third_Party/FreeRTOS/Source/portable/GCC/ARM_CM4F/port.o
 .debug_frame   0x0000000000004be0      0x12c ./Middlewares/Third_Party/FreeRTOS/Source/portable/MemMang/heap_4.o
 .debug_frame   0x0000000000004d0c       0x20 D:/ST/STM32CubeIDE_1.14.1/STM32CubeIDE/plugins/com.st.stm32cube.ide.mcu.externaltools.gnu-tools-for-stm32.11.3.rel1.win32_1.1.100.202309141235/tools/bin/../lib/gcc/arm-none-eabi/11.3.1/../../../../arm-none-eabi/lib/thumb/v7e-m+fp/hard\libc_nano.a(libc_a-memset.o)